Archive member included to satisfy reference by file (symbol)

/usr/lib/gcc/arm-none-eabi/9.2.1/../../../arm-none-eabi/lib/thumb/v8-m.main+fp/hard/libc_nano.a(lib_a-atexit.o)
                              /usr/lib/gcc/arm-none-eabi/9.2.1/../../../arm-none-eabi/lib/thumb/v8-m.main+fp/hard/crt0.o (atexit)
/usr/lib/gcc/arm-none-eabi/9.2.1/../../../arm-none-eabi/lib/thumb/v8-m.main+fp/hard/libc_nano.a(lib_a-errno.o)
                              CMakeFiles/led_blinky.elf.dir/home/ryan/git/lpc55-tiny/SDK_2.8.2_LPCXpresso55S16/devices/LPC55S16/utilities/fsl_sbrk.c.obj (__errno)
/usr/lib/gcc/arm-none-eabi/9.2.1/../../../arm-none-eabi/lib/thumb/v8-m.main+fp/hard/libc_nano.a(lib_a-exit.o)
                              /usr/lib/gcc/arm-none-eabi/9.2.1/../../../arm-none-eabi/lib/thumb/v8-m.main+fp/hard/crt0.o (exit)
/usr/lib/gcc/arm-none-eabi/9.2.1/../../../arm-none-eabi/lib/thumb/v8-m.main+fp/hard/libc_nano.a(lib_a-fini.o)
                              /usr/lib/gcc/arm-none-eabi/9.2.1/../../../arm-none-eabi/lib/thumb/v8-m.main+fp/hard/crt0.o (__libc_fini_array)
/usr/lib/gcc/arm-none-eabi/9.2.1/../../../arm-none-eabi/lib/thumb/v8-m.main+fp/hard/libc_nano.a(lib_a-impure.o)
                              /usr/lib/gcc/arm-none-eabi/9.2.1/../../../arm-none-eabi/lib/thumb/v8-m.main+fp/hard/libc_nano.a(lib_a-exit.o) (_global_impure_ptr)
/usr/lib/gcc/arm-none-eabi/9.2.1/../../../arm-none-eabi/lib/thumb/v8-m.main+fp/hard/libc_nano.a(lib_a-init.o)
                              /usr/lib/gcc/arm-none-eabi/9.2.1/../../../arm-none-eabi/lib/thumb/v8-m.main+fp/hard/crt0.o (__libc_init_array)
/usr/lib/gcc/arm-none-eabi/9.2.1/../../../arm-none-eabi/lib/thumb/v8-m.main+fp/hard/libc_nano.a(lib_a-malloc.o)
                              CMakeFiles/led_blinky.elf.dir/home/ryan/git/lpc55-tiny/SDK_2.8.2_LPCXpresso55S16/devices/LPC55S16/drivers/fsl_common.c.obj (malloc)
/usr/lib/gcc/arm-none-eabi/9.2.1/../../../arm-none-eabi/lib/thumb/v8-m.main+fp/hard/libc_nano.a(lib_a-memcpy.o)
                              CMakeFiles/led_blinky.elf.dir/home/ryan/git/lpc55-tiny/SDK_2.8.2_LPCXpresso55S16/devices/LPC55S16/utilities/str/fsl_str.c.obj (memcpy)
/usr/lib/gcc/arm-none-eabi/9.2.1/../../../arm-none-eabi/lib/thumb/v8-m.main+fp/hard/libc_nano.a(lib_a-memset.o)
                              /usr/lib/gcc/arm-none-eabi/9.2.1/../../../arm-none-eabi/lib/thumb/v8-m.main+fp/hard/crt0.o (memset)
/usr/lib/gcc/arm-none-eabi/9.2.1/../../../arm-none-eabi/lib/thumb/v8-m.main+fp/hard/libc_nano.a(lib_a-nano-freer.o)
                              /usr/lib/gcc/arm-none-eabi/9.2.1/../../../arm-none-eabi/lib/thumb/v8-m.main+fp/hard/libc_nano.a(lib_a-malloc.o) (_free_r)
/usr/lib/gcc/arm-none-eabi/9.2.1/../../../arm-none-eabi/lib/thumb/v8-m.main+fp/hard/libc_nano.a(lib_a-nano-mallocr.o)
                              /usr/lib/gcc/arm-none-eabi/9.2.1/../../../arm-none-eabi/lib/thumb/v8-m.main+fp/hard/libc_nano.a(lib_a-malloc.o) (_malloc_r)
/usr/lib/gcc/arm-none-eabi/9.2.1/../../../arm-none-eabi/lib/thumb/v8-m.main+fp/hard/libc_nano.a(lib_a-sbrkr.o)
                              /usr/lib/gcc/arm-none-eabi/9.2.1/../../../arm-none-eabi/lib/thumb/v8-m.main+fp/hard/libc_nano.a(lib_a-nano-mallocr.o) (_sbrk_r)
/usr/lib/gcc/arm-none-eabi/9.2.1/../../../arm-none-eabi/lib/thumb/v8-m.main+fp/hard/libc_nano.a(lib_a-strlen-stub.o)
                              CMakeFiles/led_blinky.elf.dir/home/ryan/git/lpc55-tiny/SDK_2.8.2_LPCXpresso55S16/devices/LPC55S16/utilities/str/fsl_str.c.obj (strlen)
/usr/lib/gcc/arm-none-eabi/9.2.1/../../../arm-none-eabi/lib/thumb/v8-m.main+fp/hard/libc_nano.a(lib_a-strtoul.o)
                              CMakeFiles/led_blinky.elf.dir/home/ryan/git/lpc55-tiny/SDK_2.8.2_LPCXpresso55S16/devices/LPC55S16/utilities/str/fsl_str.c.obj (strtoul)
/usr/lib/gcc/arm-none-eabi/9.2.1/../../../arm-none-eabi/lib/thumb/v8-m.main+fp/hard/libc_nano.a(lib_a-__atexit.o)
                              /usr/lib/gcc/arm-none-eabi/9.2.1/../../../arm-none-eabi/lib/thumb/v8-m.main+fp/hard/libc_nano.a(lib_a-atexit.o) (__register_exitproc)
/usr/lib/gcc/arm-none-eabi/9.2.1/../../../arm-none-eabi/lib/thumb/v8-m.main+fp/hard/libc_nano.a(lib_a-__call_atexit.o)
                              /usr/lib/gcc/arm-none-eabi/9.2.1/../../../arm-none-eabi/lib/thumb/v8-m.main+fp/hard/libc_nano.a(lib_a-__atexit.o) (__call_exitprocs)
/usr/lib/gcc/arm-none-eabi/9.2.1/../../../arm-none-eabi/lib/thumb/v8-m.main+fp/hard/libc_nano.a(lib_a-ctype_.o)
                              /usr/lib/gcc/arm-none-eabi/9.2.1/../../../arm-none-eabi/lib/thumb/v8-m.main+fp/hard/libc_nano.a(lib_a-strtoul.o) (_ctype_)
/usr/lib/gcc/arm-none-eabi/9.2.1/../../../arm-none-eabi/lib/thumb/v8-m.main+fp/hard/libc_nano.a(lib_a-mlock.o)
                              /usr/lib/gcc/arm-none-eabi/9.2.1/../../../arm-none-eabi/lib/thumb/v8-m.main+fp/hard/libc_nano.a(lib_a-nano-freer.o) (__malloc_lock)
/usr/lib/gcc/arm-none-eabi/9.2.1/../../../arm-none-eabi/lib/thumb/v8-m.main+fp/hard/libc_nano.a(lib_a-reent.o)
[...]
Memory Configuration

Name             Origin             Length             Attributes
m_interrupts     0x0000000000000000 0x0000000000000200 xr
m_text           0x0000000000000200 0x0000000000037e00 xr
m_data           0x0000000020000000 0x0000000000010000 rw
m_sramx          0x0000000004000000 0x0000000000004000 rw
m_usb_sram       0x0000000020010000 0x0000000000004000 rw
*default*        0x0000000000000000 0xffffffffffffffff

Linker script and memory map

LOAD /usr/lib/gcc/arm-none-eabi/9.2.1/thumb/v8-m.main+fp/hard/crti.o
LOAD /usr/lib/gcc/arm-none-eabi/9.2.1/thumb/v8-m.main+fp/hard/crtbegin.o
LOAD /usr/lib/gcc/arm-none-eabi/9.2.1/../../../arm-none-eabi/lib/thumb/v8-m.main+fp/hard/crt0.o
LOAD CMakeFiles/led_blinky.elf.dir/home/ryan/git/lpc55-tiny/SDK_2.8.2_LPCXpresso55S16/boards/lpcxpresso55s16/demo_apps/led_blinky/led_blinky.c.obj
LOAD CMakeFiles/led_blinky.elf.dir/home/ryan/git/lpc55-tiny/SDK_2.8.2_LPCXpresso55S16/boards/lpcxpresso55s16/demo_apps/led_blinky/pin_mux.c.obj
LOAD CMakeFiles/led_blinky.elf.dir/home/ryan/git/lpc55-tiny/SDK_2.8.2_LPCXpresso55S16/boards/lpcxpresso55s16/demo_apps/led_blinky/board.c.obj
LOAD CMakeFiles/led_blinky.elf.dir/home/ryan/git/lpc55-tiny/SDK_2.8.2_LPCXpresso55S16/boards/lpcxpresso55s16/demo_apps/led_blinky/clock_config.c.obj
LOAD CMakeFiles/led_blinky.elf.dir/home/ryan/git/lpc55-tiny/SDK_2.8.2_LPCXpresso55S16/devices/LPC55S16/drivers/fsl_gpio.c.obj
LOAD CMakeFiles/led_blinky.elf.dir/home/ryan/git/lpc55-tiny/SDK_2.8.2_LPCXpresso55S16/devices/LPC55S16/drivers/fsl_common.c.obj
LOAD CMakeFiles/led_blinky.elf.dir/home/ryan/git/lpc55-tiny/SDK_2.8.2_LPCXpresso55S16/devices/LPC55S16/drivers/fsl_clock.c.obj
LOAD CMakeFiles/led_blinky.elf.dir/home/ryan/git/lpc55-tiny/SDK_2.8.2_LPCXpresso55S16/devices/LPC55S16/drivers/fsl_power.c.obj
LOAD CMakeFiles/led_blinky.elf.dir/home/ryan/git/lpc55-tiny/SDK_2.8.2_LPCXpresso55S16/devices/LPC55S16/drivers/fsl_reset.c.obj
LOAD CMakeFiles/led_blinky.elf.dir/home/ryan/git/lpc55-tiny/SDK_2.8.2_LPCXpresso55S16/devices/LPC55S16/gcc/startup_LPC55S16.S.obj
LOAD CMakeFiles/led_blinky.elf.dir/home/ryan/git/lpc55-tiny/SDK_2.8.2_LPCXpresso55S16/devices/LPC55S16/system_LPC55S16.c.obj
LOAD CMakeFiles/led_blinky.elf.dir/home/ryan/git/lpc55-tiny/SDK_2.8.2_LPCXpresso55S16/devices/LPC55S16/drivers/fsl_usart.c.obj
LOAD CMakeFiles/led_blinky.elf.dir/home/ryan/git/lpc55-tiny/SDK_2.8.2_LPCXpresso55S16/devices/LPC55S16/drivers/fsl_flexcomm.c.obj
LOAD CMakeFiles/led_blinky.elf.dir/home/ryan/git/lpc55-tiny/SDK_2.8.2_LPCXpresso55S16/devices/LPC55S16/utilities/fsl_assert.c.obj
LOAD CMakeFiles/led_blinky.elf.dir/home/ryan/git/lpc55-tiny/SDK_2.8.2_LPCXpresso55S16/devices/LPC55S16/utilities/debug_console/fsl_debug_console.c.obj
LOAD CMakeFiles/led_blinky.elf.dir/home/ryan/git/lpc55-tiny/SDK_2.8.2_LPCXpresso55S16/devices/LPC55S16/utilities/str/fsl_str.c.obj
LOAD CMakeFiles/led_blinky.elf.dir/home/ryan/git/lpc55-tiny/SDK_2.8.2_LPCXpresso55S16/components/uart/usart_adapter.c.obj
LOAD CMakeFiles/led_blinky.elf.dir/home/ryan/git/lpc55-tiny/SDK_2.8.2_LPCXpresso55S16/components/serial_manager/serial_manager.c.obj
LOAD CMakeFiles/led_blinky.elf.dir/home/ryan/git/lpc55-tiny/SDK_2.8.2_LPCXpresso55S16/components/lists/generic_list.c.obj
LOAD CMakeFiles/led_blinky.elf.dir/home/ryan/git/lpc55-tiny/SDK_2.8.2_LPCXpresso55S16/components/serial_manager/serial_port_uart.c.obj
LOAD CMakeFiles/led_blinky.elf.dir/home/ryan/git/lpc55-tiny/SDK_2.8.2_LPCXpresso55S16/devices/LPC55S16/utilities/fsl_sbrk.c.obj
START GROUP
LOAD /usr/lib/gcc/arm-none-eabi/9.2.1/../../../arm-none-eabi/lib/thumb/v8-m.main+fp/hard/libm.a
LOAD /usr/lib/gcc/arm-none-eabi/9.2.1/../../../arm-none-eabi/lib/thumb/v8-m.main+fp/hard/libc_nano.a
LOAD /usr/lib/gcc/arm-none-eabi/9.2.1/thumb/v8-m.main+fp/hard/libgcc.a
LOAD /usr/lib/gcc/arm-none-eabi/9.2.1/../../../arm-none-eabi/lib/thumb/v8-m.main+fp/hard/libnosys.a
LOAD ../../../../../devices/LPC55S16/gcc/libpower_hardabi.a
END GROUP
START GROUP
LOAD /usr/lib/gcc/arm-none-eabi/9.2.1/thumb/v8-m.main+fp/hard/libgcc.a
LOAD /usr/lib/gcc/arm-none-eabi/9.2.1/../../../arm-none-eabi/lib/thumb/v8-m.main+fp/hard/libg_nano.a
LOAD /usr/lib/gcc/arm-none-eabi/9.2.1/../../../arm-none-eabi/lib/thumb/v8-m.main+fp/hard/libc_nano.a
END GROUP
START GROUP
LOAD /usr/lib/gcc/arm-none-eabi/9.2.1/thumb/v8-m.main+fp/hard/libgcc.a
LOAD /usr/lib/gcc/arm-none-eabi/9.2.1/../../../arm-none-eabi/lib/thumb/v8-m.main+fp/hard/libc_nano.a
LOAD /usr/lib/gcc/arm-none-eabi/9.2.1/../../../arm-none-eabi/lib/thumb/v8-m.main+fp/hard/libnosys.a
END GROUP
START GROUP
LOAD /usr/lib/gcc/arm-none-eabi/9.2.1/thumb/v8-m.main+fp/hard/libgcc.a
LOAD /usr/lib/gcc/arm-none-eabi/9.2.1/../../../arm-none-eabi/lib/thumb/v8-m.main+fp/hard/libc_nano.a
LOAD /usr/lib/gcc/arm-none-eabi/9.2.1/../../../arm-none-eabi/lib/thumb/v8-m.main+fp/hard/libnosys.a
END GROUP
LOAD /usr/lib/gcc/arm-none-eabi/9.2.1/thumb/v8-m.main+fp/hard/crtend.o
LOAD /usr/lib/gcc/arm-none-eabi/9.2.1/thumb/v8-m.main+fp/hard/crtn.o
                0x0000000000000400                HEAP_SIZE = DEFINED (__heap_size__)?__heap_size__:0x400
                0x0000000000000800                STACK_SIZE = DEFINED (__stack_size__)?__stack_size__:0x800

.interrupts     0x0000000000000000      0x134
                0x0000000000000000                . = ALIGN (0x4)
 *(.isr_vector)
 .isr_vector    0x0000000000000000      0x134 CMakeFiles/led_blinky.elf.dir/home/ryan/git/lpc55-tiny/SDK_2.8.2_LPCXpresso55S16/devices/LPC55S16/gcc/startup_LPC55S16.S.obj
                0x0000000000000000                __Vectors
                0x0000000000000134                . = ALIGN (0x4)

.text           0x0000000000000200     0x3078
                0x0000000000000200                . = ALIGN (0x4)
 *(.text)
 .text          0x0000000000000200       0x8c /usr/lib/gcc/arm-none-eabi/9.2.1/thumb/v8-m.main+fp/hard/crtbegin.o
 .text          0x000000000000028c       0x70 /usr/lib/gcc/arm-none-eabi/9.2.1/../../../arm-none-eabi/lib/thumb/v8-m.main+fp/hard/crt0.o
                0x000000000000028c                _stack_init
                0x0000000000000294                _mainCRTStartup
                0x0000000000000294                _start
 .text          0x00000000000002fc      0x28c CMakeFiles/led_blinky.elf.dir/home/ryan/git/lpc55-tiny/SDK_2.8.2_LPCXpresso55S16/devices/LPC55S16/gcc/startup_LPC55S16.S.obj
                0x00000000000002fc                Reset_Handler
                0x0000000000000374                DebugMon_Handler
                0x0000000000000374                Reserved39_DriverIRQHandler
                0x0000000000000374                DMA0_DriverIRQHandler
                0x0000000000000374                Reserved42_DriverIRQHandler
                0x0000000000000374                CodeWDG_DriverIRQHandler
                0x0000000000000374                SEC_VIO_DriverIRQHandler
                0x0000000000000374                Reserved73_DriverIRQHandler
                0x0000000000000374                CAN0_IRQ0_DriverIRQHandler
                0x0000000000000374                PIN_INT3_DriverIRQHandler
                0x0000000000000374                PIN_INT2_DriverIRQHandler
                0x0000000000000374                Reserved56_DriverIRQHandler
                0x0000000000000374                PIN_INT0_DriverIRQHandler
                0x0000000000000374                CTIMER2_DriverIRQHandler
                0x0000000000000374                UsageFault_Handler
                0x0000000000000374                DefaultISR
                0x0000000000000374                USB0_DriverIRQHandler
                0x0000000000000374                CASER_DriverIRQHandler
                0x0000000000000374                MRT0_DriverIRQHandler
                0x0000000000000374                UTICK0_DriverIRQHandler
                0x0000000000000374                Reserved41_DriverIRQHandler
                0x0000000000000374                PIN_INT4_DriverIRQHandler
                0x0000000000000374                PIN_INT5_DriverIRQHandler
                0x0000000000000374                SEC_GPIO_INT0_IRQ0_DriverIRQHandler
                0x0000000000000374                Reserved47_DriverIRQHandler
                0x0000000000000374                CTIMER4_DriverIRQHandler
                0x0000000000000374                GINT1_DriverIRQHandler
                0x0000000000000374                PIN_INT7_DriverIRQHandler
                0x0000000000000374                Reserved55_DriverIRQHandler
                0x0000000000000374                HASHCRYPT_DriverIRQHandler
                0x0000000000000374                CAN0_IRQ1_DriverIRQHandler
                0x0000000000000374                USB0_NEEDCLK_DriverIRQHandler
                0x0000000000000374                CTIMER0_DriverIRQHandler
                0x0000000000000374                CTIMER1_DriverIRQHandler
                0x0000000000000374                SecureFault_Handler
                0x0000000000000374                PIN_INT6_DriverIRQHandler
                0x0000000000000374                PIN_INT1_DriverIRQHandler
                0x0000000000000374                CTIMER3_DriverIRQHandler
                0x0000000000000374                Reserved61_DriverIRQHandler
                0x0000000000000374                SEC_GPIO_INT0_IRQ1_DriverIRQHandler
                0x0000000000000374                PUF_DriverIRQHandler
                0x0000000000000374                RTC_DriverIRQHandler
                0x0000000000000374                MemManage_Handler
                0x0000000000000374                USB1_DriverIRQHandler
                0x0000000000000374                DMA1_DriverIRQHandler
                0x0000000000000374                ADC0_DriverIRQHandler
                0x0000000000000374                USB1_NEEDCLK_DriverIRQHandler
                0x0000000000000374                GINT0_DriverIRQHandler
                0x0000000000000374                USB1_PHY_DriverIRQHandler
                0x0000000000000374                ACMP_DriverIRQHandler
                0x0000000000000374                Reserved58_DriverIRQHandler
                0x0000000000000374                Reserved57_DriverIRQHandler
                0x0000000000000374                BusFault_Handler
                0x0000000000000374                Reserved46_DriverIRQHandler
                0x0000000000000374                SCT0_DriverIRQHandler
                0x0000000000000374                WDT_BOD_DriverIRQHandler
                0x0000000000000374                PLU_DriverIRQHandler
                0x0000000000000374                OS_EVENT_DriverIRQHandler
                0x0000000000000374                SEC_HYPERVISOR_CALL_DriverIRQHandler
                0x0000000000000378                NMI_Handler
                0x000000000000037c                HardFault_Handler
                0x0000000000000380                SVC_Handler
                0x0000000000000384                PendSV_Handler
                0x000000000000038c                WDT_BOD_IRQHandler
                0x0000000000000390                DMA0_IRQHandler
                0x0000000000000394                GINT0_IRQHandler
                0x0000000000000398                GINT1_IRQHandler
                0x000000000000039c                PIN_INT0_IRQHandler
                0x00000000000003a0                PIN_INT1_IRQHandler
                0x00000000000003a4                PIN_INT2_IRQHandler
                0x00000000000003a8                PIN_INT3_IRQHandler
                0x00000000000003ac                UTICK0_IRQHandler
                0x00000000000003b0                MRT0_IRQHandler
                0x00000000000003b4                CTIMER0_IRQHandler
                0x00000000000003b8                CTIMER1_IRQHandler
                0x00000000000003bc                SCT0_IRQHandler
                0x00000000000003c0                CTIMER3_IRQHandler
                0x00000000000003c4                FLEXCOMM0_IRQHandler
                0x00000000000003c8                FLEXCOMM1_IRQHandler
                0x00000000000003cc                FLEXCOMM2_IRQHandler
                0x00000000000003d0                FLEXCOMM3_IRQHandler
                0x00000000000003d4                FLEXCOMM4_IRQHandler
                0x00000000000003d8                FLEXCOMM5_IRQHandler
                0x00000000000003dc                FLEXCOMM6_IRQHandler
                0x00000000000003e0                FLEXCOMM7_IRQHandler
                0x00000000000003e4                ADC0_IRQHandler
                0x00000000000003e8                Reserved39_IRQHandler
                0x00000000000003ec                ACMP_IRQHandler
                0x00000000000003f0                Reserved41_IRQHandler
                0x00000000000003f4                Reserved42_IRQHandler
                0x00000000000003f8                USB0_NEEDCLK_IRQHandler
                0x00000000000003fc                USB0_IRQHandler
                0x0000000000000400                RTC_IRQHandler
                0x0000000000000404                Reserved46_IRQHandler
                0x0000000000000408                Reserved47_IRQHandler
                0x000000000000040c                PIN_INT4_IRQHandler
                0x0000000000000410                PIN_INT5_IRQHandler
                0x0000000000000414                PIN_INT6_IRQHandler
                0x0000000000000418                PIN_INT7_IRQHandler
                0x000000000000041c                CTIMER2_IRQHandler
                0x0000000000000420                CTIMER4_IRQHandler
                0x0000000000000424                OS_EVENT_IRQHandler
                0x0000000000000428                Reserved55_IRQHandler
                0x000000000000042c                Reserved56_IRQHandler
                0x0000000000000430                Reserved57_IRQHandler
                0x0000000000000434                Reserved58_IRQHandler
                0x0000000000000438                CAN0_IRQ0_IRQHandler
                0x000000000000043c                CAN0_IRQ1_IRQHandler
                0x0000000000000440                Reserved61_IRQHandler
                0x0000000000000444                USB1_PHY_IRQHandler
                0x0000000000000448                USB1_IRQHandler
                0x000000000000044c                USB1_NEEDCLK_IRQHandler
                0x0000000000000450                SEC_HYPERVISOR_CALL_IRQHandler
                0x0000000000000454                SEC_GPIO_INT0_IRQ0_IRQHandler
                0x0000000000000458                SEC_GPIO_INT0_IRQ1_IRQHandler
                0x000000000000045c                PLU_IRQHandler
                0x0000000000000460                SEC_VIO_IRQHandler
                0x0000000000000464                HASHCRYPT_IRQHandler
                0x0000000000000468                CASER_IRQHandler
                0x000000000000046c                PUF_IRQHandler
                0x0000000000000470                Reserved73_IRQHandler
                0x0000000000000474                DMA1_IRQHandler
                0x0000000000000478                FLEXCOMM8_IRQHandler
                0x000000000000047c                CodeWDG_IRQHandler
 .text          0x0000000000000588        0xc /usr/lib/gcc/arm-none-eabi/9.2.1/../../../arm-none-eabi/lib/thumb/v8-m.main+fp/hard/libc_nano.a(lib_a-atexit.o)
                0x0000000000000588                atexit
 .text          0x0000000000000594        0xc /usr/lib/gcc/arm-none-eabi/9.2.1/../../../arm-none-eabi/lib/thumb/v8-m.main+fp/hard/libc_nano.a(lib_a-errno.o)
                0x0000000000000594                __errno
 .text          0x00000000000005a0       0x28 /usr/lib/gcc/arm-none-eabi/9.2.1/../../../arm-none-eabi/lib/thumb/v8-m.main+fp/hard/libc_nano.a(lib_a-exit.o)
                0x00000000000005a0                exit
 .text          0x00000000000005c8       0x34 /usr/lib/gcc/arm-none-eabi/9.2.1/../../../arm-none-eabi/lib/thumb/v8-m.main+fp/hard/libc_nano.a(lib_a-fini.o)
                0x00000000000005c8                __libc_fini_array
 .text          0x00000000000005fc       0x48 /usr/lib/gcc/arm-none-eabi/9.2.1/../../../arm-none-eabi/lib/thumb/v8-m.main+fp/hard/libc_nano.a(lib_a-init.o)
                0x00000000000005fc                __libc_init_array
 .text          0x0000000000000644       0x20 /usr/lib/gcc/arm-none-eabi/9.2.1/../../../arm-none-eabi/lib/thumb/v8-m.main+fp/hard/libc_nano.a(lib_a-malloc.o)
                0x0000000000000644                malloc
                0x0000000000000654                free
 .text          0x0000000000000664       0xa0 /usr/lib/gcc/arm-none-eabi/9.2.1/../../../arm-none-eabi/lib/thumb/v8-m.main+fp/hard/libc_nano.a(lib_a-memset.o)
                0x0000000000000664                memset
 .text          0x0000000000000704       0xb4 /usr/lib/gcc/arm-none-eabi/9.2.1/../../../arm-none-eabi/lib/thumb/v8-m.main+fp/hard/libc_nano.a(lib_a-nano-freer.o)
                0x0000000000000704                _free_r
 .text          0x00000000000007b8       0xc8 /usr/lib/gcc/arm-none-eabi/9.2.1/../../../arm-none-eabi/lib/thumb/v8-m.main+fp/hard/libc_nano.a(lib_a-nano-mallocr.o)
                0x00000000000007b8                _malloc_r
 .text          0x0000000000000880       0x24 /usr/lib/gcc/arm-none-eabi/9.2.1/../../../arm-none-eabi/lib/thumb/v8-m.main+fp/hard/libc_nano.a(lib_a-sbrkr.o)
                0x0000000000000880                _sbrk_r
 .text          0x00000000000008a4       0x5c /usr/lib/gcc/arm-none-eabi/9.2.1/../../../arm-none-eabi/lib/thumb/v8-m.main+fp/hard/libc_nano.a(lib_a-strlen-stub.o)
                0x00000000000008a4                strlen
 .text          0x0000000000000900       0xb0 /usr/lib/gcc/arm-none-eabi/9.2.1/../../../arm-none-eabi/lib/thumb/v8-m.main+fp/hard/libc_nano.a(lib_a-__atexit.o)
                0x0000000000000900                __register_exitproc
 .text          0x00000000000009b0       0xa0 /usr/lib/gcc/arm-none-eabi/9.2.1/../../../arm-none-eabi/lib/thumb/v8-m.main+fp/hard/libc_nano.a(lib_a-__call_atexit.o)
                0x00000000000009b0                __call_exitprocs
 .text          0x0000000000000a50        0x8 /usr/lib/gcc/arm-none-eabi/9.2.1/../../../arm-none-eabi/lib/thumb/v8-m.main+fp/hard/libc_nano.a(lib_a-mlock.o)
                0x0000000000000a50                __malloc_lock
                0x0000000000000a54                __malloc_unlock
 .text          0x0000000000000a58       0x30 /usr/lib/gcc/arm-none-eabi/9.2.1/thumb/v8-m.main+fp/hard/libgcc.a(_aeabi_uldivmod.o)
                0x0000000000000a58                __aeabi_uldivmod
 .text          0x0000000000000a88       0x40 /usr/lib/gcc/arm-none-eabi/9.2.1/thumb/v8-m.main+fp/hard/libgcc.a(_fixunssfdi.o)
                0x0000000000000a88                __aeabi_f2ulz
                0x0000000000000a88                __fixunssfdi
 .text          0x0000000000000ac8      0x2c0 /usr/lib/gcc/arm-none-eabi/9.2.1/thumb/v8-m.main+fp/hard/libgcc.a(_udivmoddi4.o)
                0x0000000000000ac8                __udivmoddi4
 .text          0x0000000000000d88      0x254 /usr/lib/gcc/arm-none-eabi/9.2.1/thumb/v8-m.main+fp/hard/libgcc.a(_arm_muldf3.o)
                0x0000000000000d88                __aeabi_dmul
                0x0000000000000d88                __muldf3
 .text          0x0000000000000fdc        0x4 /usr/lib/gcc/arm-none-eabi/9.2.1/thumb/v8-m.main+fp/hard/libgcc.a(_dvmd_tls.o)
                0x0000000000000fdc                __aeabi_ldiv0
                0x0000000000000fdc                __aeabi_idiv0
 .text          0x0000000000000fe0      0x378 /usr/lib/gcc/arm-none-eabi/9.2.1/thumb/v8-m.main+fp/hard/libgcc.a(_arm_addsubdf3.o)
                0x0000000000000fe0                __aeabi_drsub
                0x0000000000000fe8                __aeabi_dsub
                0x0000000000000fe8                __subdf3
                0x0000000000000fec                __adddf3
                0x0000000000000fec                __aeabi_dadd
                0x0000000000001264                __aeabi_ui2d
                0x0000000000001264                __floatunsidf
                0x0000000000001284                __floatsidf
                0x0000000000001284                __aeabi_i2d
                0x00000000000012a8                __extendsfdf2
                0x00000000000012a8                __aeabi_f2d
                0x00000000000012ec                __aeabi_ul2d
                0x00000000000012ec                __floatundidf
                0x00000000000012fc                __floatdidf
                0x00000000000012fc                __aeabi_l2d
 .text          0x0000000000001358       0x40 /usr/lib/gcc/arm-none-eabi/9.2.1/thumb/v8-m.main+fp/hard/libgcc.a(_arm_fixunsdfsi.o)
                0x0000000000001358                __fixunsdfsi
                0x0000000000001358                __aeabi_d2uiz
 .text          0x0000000000001398        0x4 /usr/lib/gcc/arm-none-eabi/9.2.1/../../../arm-none-eabi/lib/thumb/v8-m.main+fp/hard/libnosys.a(_exit.o)
                0x0000000000001398                _exit
 *(.text*)
 .text.__NVIC_SetPriority
                0x000000000000139c       0x54 CMakeFiles/led_blinky.elf.dir/home/ryan/git/lpc55-tiny/SDK_2.8.2_LPCXpresso55S16/boards/lpcxpresso55s16/demo_apps/led_blinky/led_blinky.c.obj
 .text.SysTick_Config
                0x00000000000013f0       0x44 CMakeFiles/led_blinky.elf.dir/home/ryan/git/lpc55-tiny/SDK_2.8.2_LPCXpresso55S16/boards/lpcxpresso55s16/demo_apps/led_blinky/led_blinky.c.obj
 .text.GPIO_PortToggle
                0x0000000000001434       0x26 CMakeFiles/led_blinky.elf.dir/home/ryan/git/lpc55-tiny/SDK_2.8.2_LPCXpresso55S16/boards/lpcxpresso55s16/demo_apps/led_blinky/led_blinky.c.obj
 *fill*         0x000000000000145a        0x2 
 .text.SysTick_Handler
                0x000000000000145c       0x24 CMakeFiles/led_blinky.elf.dir/home/ryan/git/lpc55-tiny/SDK_2.8.2_LPCXpresso55S16/boards/lpcxpresso55s16/demo_apps/led_blinky/led_blinky.c.obj
                0x000000000000145c                SysTick_Handler
 .text.SysTick_DelayTicks
                0x0000000000001480       0x2c CMakeFiles/led_blinky.elf.dir/home/ryan/git/lpc55-tiny/SDK_2.8.2_LPCXpresso55S16/boards/lpcxpresso55s16/demo_apps/led_blinky/led_blinky.c.obj
                0x0000000000001480                SysTick_DelayTicks
 .text.main     0x00000000000014ac       0x50 CMakeFiles/led_blinky.elf.dir/home/ryan/git/lpc55-tiny/SDK_2.8.2_LPCXpresso55S16/boards/lpcxpresso55s16/demo_apps/led_blinky/led_blinky.c.obj
                0x00000000000014ac                main
 .text.CLOCK_EnableClock
                0x00000000000014fc       0x30 CMakeFiles/led_blinky.elf.dir/home/ryan/git/lpc55-tiny/SDK_2.8.2_LPCXpresso55S16/boards/lpcxpresso55s16/demo_apps/led_blinky/pin_mux.c.obj
 .text.IOCON_PinMuxSet
                0x000000000000152c       0x2e CMakeFiles/led_blinky.elf.dir/home/ryan/git/lpc55-tiny/SDK_2.8.2_LPCXpresso55S16/boards/lpcxpresso55s16/demo_apps/led_blinky/pin_mux.c.obj
 *fill*         0x000000000000155a        0x2 
 .text.BOARD_InitPins
                0x000000000000155c       0x5c CMakeFiles/led_blinky.elf.dir/home/ryan/git/lpc55-tiny/SDK_2.8.2_LPCXpresso55S16/boards/lpcxpresso55s16/demo_apps/led_blinky/pin_mux.c.obj
                0x000000000000155c                BOARD_InitPins
 .text.GPIO_PinInit
                0x00000000000015b8       0xa0 CMakeFiles/led_blinky.elf.dir/home/ryan/git/lpc55-tiny/SDK_2.8.2_LPCXpresso55S16/devices/LPC55S16/drivers/fsl_gpio.c.obj
                0x00000000000015b8                GPIO_PinInit
 .text.findPll0PreDiv
                0x0000000000001658       0x3e CMakeFiles/led_blinky.elf.dir/home/ryan/git/lpc55-tiny/SDK_2.8.2_LPCXpresso55S16/devices/LPC55S16/system_LPC55S16.c.obj
 .text.findPll0PostDiv
                0x0000000000001696       0x62 CMakeFiles/led_blinky.elf.dir/home/ryan/git/lpc55-tiny/SDK_2.8.2_LPCXpresso55S16/devices/LPC55S16/system_LPC55S16.c.obj
 .text.findPll0MMult
                0x00000000000016f8       0xb8 CMakeFiles/led_blinky.elf.dir/home/ryan/git/lpc55-tiny/SDK_2.8.2_LPCXpresso55S16/devices/LPC55S16/system_LPC55S16.c.obj
 .text.findPll1PreDiv
                0x00000000000017b0       0x3e CMakeFiles/led_blinky.elf.dir/home/ryan/git/lpc55-tiny/SDK_2.8.2_LPCXpresso55S16/devices/LPC55S16/system_LPC55S16.c.obj
 .text.findPll1PostDiv
                0x00000000000017ee       0x62 CMakeFiles/led_blinky.elf.dir/home/ryan/git/lpc55-tiny/SDK_2.8.2_LPCXpresso55S16/devices/LPC55S16/system_LPC55S16.c.obj
 .text.findPll1MMult
                0x0000000000001850       0x2e CMakeFiles/led_blinky.elf.dir/home/ryan/git/lpc55-tiny/SDK_2.8.2_LPCXpresso55S16/devices/LPC55S16/system_LPC55S16.c.obj
 *fill*         0x000000000000187e        0x2 
 .text.GetFro12MFreq
                0x0000000000001880       0x28 CMakeFiles/led_blinky.elf.dir/home/ryan/git/lpc55-tiny/SDK_2.8.2_LPCXpresso55S16/devices/LPC55S16/system_LPC55S16.c.obj
 .text.GetFro1MFreq
                0x00000000000018a8       0x28 CMakeFiles/led_blinky.elf.dir/home/ryan/git/lpc55-tiny/SDK_2.8.2_LPCXpresso55S16/devices/LPC55S16/system_LPC55S16.c.obj
 .text.GetExtClkFreq
                0x00000000000018d0       0x28 CMakeFiles/led_blinky.elf.dir/home/ryan/git/lpc55-tiny/SDK_2.8.2_LPCXpresso55S16/devices/LPC55S16/system_LPC55S16.c.obj
 .text.GetFroHfFreq
                0x00000000000018f8       0x28 CMakeFiles/led_blinky.elf.dir/home/ryan/git/lpc55-tiny/SDK_2.8.2_LPCXpresso55S16/devices/LPC55S16/system_LPC55S16.c.obj
 .text.GetOsc32KFreq
                0x0000000000001920       0x58 CMakeFiles/led_blinky.elf.dir/home/ryan/git/lpc55-tiny/SDK_2.8.2_LPCXpresso55S16/devices/LPC55S16/system_LPC55S16.c.obj
 .text.SystemInit
                0x0000000000001978       0xac CMakeFiles/led_blinky.elf.dir/home/ryan/git/lpc55-tiny/SDK_2.8.2_LPCXpresso55S16/devices/LPC55S16/system_LPC55S16.c.obj
                0x0000000000001978                SystemInit
 .text.SystemCoreClockUpdate
                0x0000000000001a24      0x27c CMakeFiles/led_blinky.elf.dir/home/ryan/git/lpc55-tiny/SDK_2.8.2_LPCXpresso55S16/devices/LPC55S16/system_LPC55S16.c.obj
                0x0000000000001a24                SystemCoreClockUpdate
 .text.SystemInitHook
                0x0000000000001ca0        0xe CMakeFiles/led_blinky.elf.dir/home/ryan/git/lpc55-tiny/SDK_2.8.2_LPCXpresso55S16/devices/LPC55S16/system_LPC55S16.c.obj
                0x0000000000001ca0                SystemInitHook
 *fill*         0x0000000000001cae        0x2 
 .text.USART_WriteBlocking
                0x0000000000001cb0       0x9c CMakeFiles/led_blinky.elf.dir/home/ryan/git/lpc55-tiny/SDK_2.8.2_LPCXpresso55S16/devices/LPC55S16/drivers/fsl_usart.c.obj
                0x0000000000001cb0                USART_WriteBlocking
 .text.FLEXCOMM0_DriverIRQHandler
                0x0000000000001d4c       0x44 CMakeFiles/led_blinky.elf.dir/home/ryan/git/lpc55-tiny/SDK_2.8.2_LPCXpresso55S16/devices/LPC55S16/drivers/fsl_flexcomm.c.obj
                0x0000000000001d4c                FLEXCOMM0_DriverIRQHandler
 .text.FLEXCOMM1_DriverIRQHandler
                0x0000000000001d90       0x44 CMakeFiles/led_blinky.elf.dir/home/ryan/git/lpc55-tiny/SDK_2.8.2_LPCXpresso55S16/devices/LPC55S16/drivers/fsl_flexcomm.c.obj
                0x0000000000001d90                FLEXCOMM1_DriverIRQHandler
 .text.FLEXCOMM2_DriverIRQHandler
                0x0000000000001dd4       0x44 CMakeFiles/led_blinky.elf.dir/home/ryan/git/lpc55-tiny/SDK_2.8.2_LPCXpresso55S16/devices/LPC55S16/drivers/fsl_flexcomm.c.obj
                0x0000000000001dd4                FLEXCOMM2_DriverIRQHandler
 .text.FLEXCOMM3_DriverIRQHandler
                0x0000000000001e18       0x44 CMakeFiles/led_blinky.elf.dir/home/ryan/git/lpc55-tiny/SDK_2.8.2_LPCXpresso55S16/devices/LPC55S16/drivers/fsl_flexcomm.c.obj
                0x0000000000001e18                FLEXCOMM3_DriverIRQHandler
 .text.FLEXCOMM4_DriverIRQHandler
                0x0000000000001e5c       0x44 CMakeFiles/led_blinky.elf.dir/home/ryan/git/lpc55-tiny/SDK_2.8.2_LPCXpresso55S16/devices/LPC55S16/drivers/fsl_flexcomm.c.obj
                0x0000000000001e5c                FLEXCOMM4_DriverIRQHandler
 .text.FLEXCOMM5_DriverIRQHandler
                0x0000000000001ea0       0x44 CMakeFiles/led_blinky.elf.dir/home/ryan/git/lpc55-tiny/SDK_2.8.2_LPCXpresso55S16/devices/LPC55S16/drivers/fsl_flexcomm.c.obj
                0x0000000000001ea0                FLEXCOMM5_DriverIRQHandler
 .text.FLEXCOMM6_DriverIRQHandler
                0x0000000000001ee4       0x44 CMakeFiles/led_blinky.elf.dir/home/ryan/git/lpc55-tiny/SDK_2.8.2_LPCXpresso55S16/devices/LPC55S16/drivers/fsl_flexcomm.c.obj
                0x0000000000001ee4                FLEXCOMM6_DriverIRQHandler
 .text.FLEXCOMM7_DriverIRQHandler
                0x0000000000001f28       0x44 CMakeFiles/led_blinky.elf.dir/home/ryan/git/lpc55-tiny/SDK_2.8.2_LPCXpresso55S16/devices/LPC55S16/drivers/fsl_flexcomm.c.obj
                0x0000000000001f28                FLEXCOMM7_DriverIRQHandler
 .text.FLEXCOMM8_DriverIRQHandler
                0x0000000000001f6c       0x44 CMakeFiles/led_blinky.elf.dir/home/ryan/git/lpc55-tiny/SDK_2.8.2_LPCXpresso55S16/devices/LPC55S16/drivers/fsl_flexcomm.c.obj
                0x0000000000001f6c                FLEXCOMM8_DriverIRQHandler
 .text.__assert_func
                0x0000000000001fb0       0x28 CMakeFiles/led_blinky.elf.dir/home/ryan/git/lpc55-tiny/SDK_2.8.2_LPCXpresso55S16/devices/LPC55S16/utilities/fsl_assert.c.obj
                0x0000000000001fb0                __assert_func
 .text.DbgConsole_SendDataReliable
                0x0000000000001fd8       0x7c CMakeFiles/led_blinky.elf.dir/home/ryan/git/lpc55-tiny/SDK_2.8.2_LPCXpresso55S16/devices/LPC55S16/utilities/debug_console/fsl_debug_console.c.obj
                0x0000000000001fd8                DbgConsole_SendDataReliable
 .text.DbgConsole_PrintCallback
                0x0000000000002054       0x66 CMakeFiles/led_blinky.elf.dir/home/ryan/git/lpc55-tiny/SDK_2.8.2_LPCXpresso55S16/devices/LPC55S16/utilities/debug_console/fsl_debug_console.c.obj
 *fill*         0x00000000000020ba        0x2 
 .text.DbgConsole_Printf
                0x00000000000020bc       0x78 CMakeFiles/led_blinky.elf.dir/home/ryan/git/lpc55-tiny/SDK_2.8.2_LPCXpresso55S16/devices/LPC55S16/utilities/debug_console/fsl_debug_console.c.obj
                0x00000000000020bc                DbgConsole_Printf
 .text.PrintGetWidth
                0x0000000000002134       0x6a CMakeFiles/led_blinky.elf.dir/home/ryan/git/lpc55-tiny/SDK_2.8.2_LPCXpresso55S16/devices/LPC55S16/utilities/str/fsl_str.c.obj
 .text.PrintGetPrecision
                0x000000000000219e       0x8c CMakeFiles/led_blinky.elf.dir/home/ryan/git/lpc55-tiny/SDK_2.8.2_LPCXpresso55S16/devices/LPC55S16/utilities/str/fsl_str.c.obj
 .text.PrintIsobpu
                0x000000000000222a       0x38 CMakeFiles/led_blinky.elf.dir/home/ryan/git/lpc55-tiny/SDK_2.8.2_LPCXpresso55S16/devices/LPC55S16/utilities/str/fsl_str.c.obj
 .text.PrintIsdi
                0x0000000000002262       0x2c CMakeFiles/led_blinky.elf.dir/home/ryan/git/lpc55-tiny/SDK_2.8.2_LPCXpresso55S16/devices/LPC55S16/utilities/str/fsl_str.c.obj
 .text.PrintOutputdifFobpu
                0x000000000000228e       0x44 CMakeFiles/led_blinky.elf.dir/home/ryan/git/lpc55-tiny/SDK_2.8.2_LPCXpresso55S16/devices/LPC55S16/utilities/str/fsl_str.c.obj
 .text.PrintOutputxX
                0x00000000000022d2       0x44 CMakeFiles/led_blinky.elf.dir/home/ryan/git/lpc55-tiny/SDK_2.8.2_LPCXpresso55S16/devices/LPC55S16/utilities/str/fsl_str.c.obj
 .text.PrintIsfF
                0x0000000000002316       0x2c CMakeFiles/led_blinky.elf.dir/home/ryan/git/lpc55-tiny/SDK_2.8.2_LPCXpresso55S16/devices/LPC55S16/utilities/str/fsl_str.c.obj
 .text.PrintIsxX
                0x0000000000002342       0x2c CMakeFiles/led_blinky.elf.dir/home/ryan/git/lpc55-tiny/SDK_2.8.2_LPCXpresso55S16/devices/LPC55S16/utilities/str/fsl_str.c.obj
 .text.PrintGetRadixFromobpu
                0x000000000000236e       0x40 CMakeFiles/led_blinky.elf.dir/home/ryan/git/lpc55-tiny/SDK_2.8.2_LPCXpresso55S16/devices/LPC55S16/utilities/str/fsl_str.c.obj
 .text.ConvertRadixNumToString
                0x00000000000023ae      0x118 CMakeFiles/led_blinky.elf.dir/home/ryan/git/lpc55-tiny/SDK_2.8.2_LPCXpresso55S16/devices/LPC55S16/utilities/str/fsl_str.c.obj
 .text.StrFormatPrintf
                0x00000000000024c6      0x286 CMakeFiles/led_blinky.elf.dir/home/ryan/git/lpc55-tiny/SDK_2.8.2_LPCXpresso55S16/devices/LPC55S16/utilities/str/fsl_str.c.obj
                0x00000000000024c6                StrFormatPrintf
 .text.HAL_UartSendBlocking
                0x000000000000274c       0x84 CMakeFiles/led_blinky.elf.dir/home/ryan/git/lpc55-tiny/SDK_2.8.2_LPCXpresso55S16/components/uart/usart_adapter.c.obj
                0x000000000000274c                HAL_UartSendBlocking
 .text.SerialManager_StartWriting
                0x00000000000027d0       0x38 CMakeFiles/led_blinky.elf.dir/home/ryan/git/lpc55-tiny/SDK_2.8.2_LPCXpresso55S16/components/serial_manager/serial_manager.c.obj
 .text.SerialManager_Write
                0x0000000000002808       0x94 CMakeFiles/led_blinky.elf.dir/home/ryan/git/lpc55-tiny/SDK_2.8.2_LPCXpresso55S16/components/serial_manager/serial_manager.c.obj
 .text.SerialManager_WriteBlocking
                0x000000000000289c       0x20 CMakeFiles/led_blinky.elf.dir/home/ryan/git/lpc55-tiny/SDK_2.8.2_LPCXpresso55S16/components/serial_manager/serial_manager.c.obj
                0x000000000000289c                SerialManager_WriteBlocking
 .text.Serial_UartWrite
                0x00000000000028bc       0x78 CMakeFiles/led_blinky.elf.dir/home/ryan/git/lpc55-tiny/SDK_2.8.2_LPCXpresso55S16/components/serial_manager/serial_port_uart.c.obj
                0x00000000000028bc                Serial_UartWrite
 .text._sbrk    0x0000000000002934       0x68 CMakeFiles/led_blinky.elf.dir/home/ryan/git/lpc55-tiny/SDK_2.8.2_LPCXpresso55S16/devices/LPC55S16/utilities/fsl_sbrk.c.obj
                0x0000000000002934                _sbrk
 .text.POWER_SetBodVbatLevel
                0x000000000000299c       0x40 ../../../../../devices/LPC55S16/gcc/libpower_hardabi.a(fsl_power_lib.o)
                0x000000000000299c                POWER_SetBodVbatLevel
 *(.rodata)
 .rodata        0x00000000000029dc      0x22f CMakeFiles/led_blinky.elf.dir/home/ryan/git/lpc55-tiny/SDK_2.8.2_LPCXpresso55S16/devices/LPC55S16/drivers/fsl_usart.c.obj
 *fill*         0x0000000000002c0b        0x1 
 .rodata        0x0000000000002c0c      0x158 CMakeFiles/led_blinky.elf.dir/home/ryan/git/lpc55-tiny/SDK_2.8.2_LPCXpresso55S16/devices/LPC55S16/drivers/fsl_flexcomm.c.obj
 .rodata        0x0000000000002d64       0x3e CMakeFiles/led_blinky.elf.dir/home/ryan/git/lpc55-tiny/SDK_2.8.2_LPCXpresso55S16/devices/LPC55S16/utilities/fsl_assert.c.obj
 *fill*         0x0000000000002da2        0x2 
 .rodata        0x0000000000002da4       0xc4 CMakeFiles/led_blinky.elf.dir/home/ryan/git/lpc55-tiny/SDK_2.8.2_LPCXpresso55S16/devices/LPC55S16/utilities/debug_console/fsl_debug_console.c.obj
 .rodata        0x0000000000002e68       0xe3 CMakeFiles/led_blinky.elf.dir/home/ryan/git/lpc55-tiny/SDK_2.8.2_LPCXpresso55S16/components/uart/usart_adapter.c.obj
 *fill*         0x0000000000002f4b        0x1 
 .rodata        0x0000000000002f4c       0xef CMakeFiles/led_blinky.elf.dir/home/ryan/git/lpc55-tiny/SDK_2.8.2_LPCXpresso55S16/components/serial_manager/serial_manager.c.obj
 *fill*         0x000000000000303b        0x1 
 .rodata        0x000000000000303c       0x93 CMakeFiles/led_blinky.elf.dir/home/ryan/git/lpc55-tiny/SDK_2.8.2_LPCXpresso55S16/components/serial_manager/serial_port_uart.c.obj
 *fill*         0x00000000000030cf        0x1 
 .rodata        0x00000000000030d0        0x4 /usr/lib/gcc/arm-none-eabi/9.2.1/../../../arm-none-eabi/lib/thumb/v8-m.main+fp/hard/libc_nano.a(lib_a-impure.o)
                0x00000000000030d0                _global_impure_ptr
 *(.rodata*)
 .rodata.__func__.9531
                0x00000000000030d4       0x14 CMakeFiles/led_blinky.elf.dir/home/ryan/git/lpc55-tiny/SDK_2.8.2_LPCXpresso55S16/devices/LPC55S16/drivers/fsl_usart.c.obj
 .rodata.__func__.9265
                0x00000000000030e8       0x1b CMakeFiles/led_blinky.elf.dir/home/ryan/git/lpc55-tiny/SDK_2.8.2_LPCXpresso55S16/devices/LPC55S16/drivers/fsl_flexcomm.c.obj
 *fill*         0x0000000000003103        0x1 
 .rodata.__func__.9269
                0x0000000000003104       0x1b CMakeFiles/led_blinky.elf.dir/home/ryan/git/lpc55-tiny/SDK_2.8.2_LPCXpresso55S16/devices/LPC55S16/drivers/fsl_flexcomm.c.obj
 *fill*         0x000000000000311f        0x1 
 .rodata.__func__.9273
                0x0000000000003120       0x1b CMakeFiles/led_blinky.elf.dir/home/ryan/git/lpc55-tiny/SDK_2.8.2_LPCXpresso55S16/devices/LPC55S16/drivers/fsl_flexcomm.c.obj
 *fill*         0x000000000000313b        0x1 
 .rodata.__func__.9277
                0x000000000000313c       0x1b CMakeFiles/led_blinky.elf.dir/home/ryan/git/lpc55-tiny/SDK_2.8.2_LPCXpresso55S16/devices/LPC55S16/drivers/fsl_flexcomm.c.obj
 *fill*         0x0000000000003157        0x1 
 .rodata.__func__.9281
                0x0000000000003158       0x1b CMakeFiles/led_blinky.elf.dir/home/ryan/git/lpc55-tiny/SDK_2.8.2_LPCXpresso55S16/devices/LPC55S16/drivers/fsl_flexcomm.c.obj
 *fill*         0x0000000000003173        0x1 
 .rodata.__func__.9285
                0x0000000000003174       0x1b CMakeFiles/led_blinky.elf.dir/home/ryan/git/lpc55-tiny/SDK_2.8.2_LPCXpresso55S16/devices/LPC55S16/drivers/fsl_flexcomm.c.obj
 *fill*         0x000000000000318f        0x1 
 .rodata.__func__.9289
                0x0000000000003190       0x1b CMakeFiles/led_blinky.elf.dir/home/ryan/git/lpc55-tiny/SDK_2.8.2_LPCXpresso55S16/devices/LPC55S16/drivers/fsl_flexcomm.c.obj
 *fill*         0x00000000000031ab        0x1 
 .rodata.__func__.9293
                0x00000000000031ac       0x1b CMakeFiles/led_blinky.elf.dir/home/ryan/git/lpc55-tiny/SDK_2.8.2_LPCXpresso55S16/devices/LPC55S16/drivers/fsl_flexcomm.c.obj
 *fill*         0x00000000000031c7        0x1 
 .rodata.__func__.9297
                0x00000000000031c8       0x1b CMakeFiles/led_blinky.elf.dir/home/ryan/git/lpc55-tiny/SDK_2.8.2_LPCXpresso55S16/devices/LPC55S16/drivers/fsl_flexcomm.c.obj
 *fill*         0x00000000000031e3        0x1 
 .rodata.__func__.9403
                0x00000000000031e4       0x1c CMakeFiles/led_blinky.elf.dir/home/ryan/git/lpc55-tiny/SDK_2.8.2_LPCXpresso55S16/devices/LPC55S16/utilities/debug_console/fsl_debug_console.c.obj
 .rodata.s_UsartAdapterBase
                0x0000000000003200       0x20 CMakeFiles/led_blinky.elf.dir/home/ryan/git/lpc55-tiny/SDK_2.8.2_LPCXpresso55S16/components/uart/usart_adapter.c.obj
 .rodata.__func__.9529
                0x0000000000003220       0x15 CMakeFiles/led_blinky.elf.dir/home/ryan/git/lpc55-tiny/SDK_2.8.2_LPCXpresso55S16/components/uart/usart_adapter.c.obj
 *fill*         0x0000000000003235        0x3 
 .rodata.__func__.9376
                0x0000000000003238       0x14 CMakeFiles/led_blinky.elf.dir/home/ryan/git/lpc55-tiny/SDK_2.8.2_LPCXpresso55S16/components/serial_manager/serial_manager.c.obj
 .rodata.__func__.9364
                0x000000000000324c       0x11 CMakeFiles/led_blinky.elf.dir/home/ryan/git/lpc55-tiny/SDK_2.8.2_LPCXpresso55S16/components/serial_manager/serial_port_uart.c.obj
 *(.glue_7)
 .glue_7        0x000000000000325d        0x0 linker stubs
 *(.glue_7t)
 .glue_7t       0x000000000000325d        0x0 linker stubs
 *(.eh_frame)
 *fill*         0x000000000000325d        0x3 
 .eh_frame      0x0000000000003260        0x0 /usr/lib/gcc/arm-none-eabi/9.2.1/thumb/v8-m.main+fp/hard/crtbegin.o
 *(.init)
 .init          0x0000000000003260        0x4 /usr/lib/gcc/arm-none-eabi/9.2.1/thumb/v8-m.main+fp/hard/crti.o
                0x0000000000003260                _init
 .init          0x0000000000003264        0x8 /usr/lib/gcc/arm-none-eabi/9.2.1/thumb/v8-m.main+fp/hard/crtn.o
 *(.fini)
 .fini          0x000000000000326c        0x4 /usr/lib/gcc/arm-none-eabi/9.2.1/thumb/v8-m.main+fp/hard/crti.o
                0x000000000000326c                _fini
 .fini          0x0000000000003270        0x8 /usr/lib/gcc/arm-none-eabi/9.2.1/thumb/v8-m.main+fp/hard/crtn.o
                0x0000000000003278                . = ALIGN (0x4)

.vfp11_veneer   0x0000000000003278        0x0
 .vfp11_veneer  0x0000000000003278        0x0 linker stubs

.v4_bx          0x0000000000003278        0x0
 .v4_bx         0x0000000000003278        0x0 linker stubs

.iplt           0x0000000000003278        0x0
 .iplt          0x0000000000003278        0x0 /usr/lib/gcc/arm-none-eabi/9.2.1/thumb/v8-m.main+fp/hard/crtbegin.o

.ARM.extab
 *(.ARM.extab* .gnu.linkonce.armextab.*)

.ARM            0x0000000000003278        0x8
                0x0000000000003278                __exidx_start = .
 *(.ARM.exidx*)
 .ARM.exidx     0x0000000000003278        0x8 /usr/lib/gcc/arm-none-eabi/9.2.1/../../../arm-none-eabi/lib/thumb/v8-m.main+fp/hard/crt0.o
                                         0x10 (size before relaxing)
 .ARM.exidx     0x0000000000003280        0x0 /usr/lib/gcc/arm-none-eabi/9.2.1/thumb/v8-m.main+fp/hard/libgcc.a(_udivmoddi4.o)
                                          0x8 (size before relaxing)
                0x0000000000003280                __exidx_end = .

.rel.dyn        0x0000000000003280        0x0
 .rel.iplt      0x0000000000003280        0x0 /usr/lib/gcc/arm-none-eabi/9.2.1/thumb/v8-m.main+fp/hard/crtbegin.o

.ctors          0x0000000000003280        0x0
                0x0000000000003280                __CTOR_LIST__ = .
 *crtbegin.o(.ctors)
 *crtbegin?.o(.ctors)
 *(EXCLUDE_FILE(*crtend.o *crtend?.o) .ctors)
 *(SORT_BY_NAME(.ctors.*))
 *(.ctors)
                0x0000000000003280                __CTOR_END__ = .

.dtors          0x0000000000003280        0x0
                0x0000000000003280                __DTOR_LIST__ = .
 *crtbegin.o(.dtors)
 *crtbegin?.o(.dtors)
 *(EXCLUDE_FILE(*crtend.o *crtend?.o) .dtors)
 *(SORT_BY_NAME(.dtors.*))
 *(.dtors)
                0x0000000000003280                __DTOR_END__ = .

.preinit_array  0x0000000000003280        0x0
                0x0000000000003280                PROVIDE (__preinit_array_start = .)
 *(.preinit_array*)
                0x0000000000003280                PROVIDE (__preinit_array_end = .)

.init_array     0x0000000000003280        0x4
                0x0000000000003280                PROVIDE (__init_array_start = .)
 *(SORT_BY_NAME(.init_array.*))
 *(.init_array*)
 .init_array    0x0000000000003280        0x4 /usr/lib/gcc/arm-none-eabi/9.2.1/thumb/v8-m.main+fp/hard/crtbegin.o
                0x0000000000003284                PROVIDE (__init_array_end = .)

.fini_array     0x0000000000003284        0x4
                0x0000000000003284                PROVIDE (__fini_array_start = .)
 *(SORT_BY_NAME(.fini_array.*))
 *(.fini_array*)
 .fini_array    0x0000000000003284        0x4 /usr/lib/gcc/arm-none-eabi/9.2.1/thumb/v8-m.main+fp/hard/crtbegin.o
                0x0000000000003288                PROVIDE (__fini_array_end = .)
                0x0000000000003288                __etext = .
                0x0000000000003288                __DATA_ROM = .

.data           0x0000000020000000       0x68 load address 0x0000000000003288
                0x0000000020000000                . = ALIGN (0x4)
                0x0000000020000000                __DATA_RAM = .
                0x0000000020000000                __data_start__ = .
 *(.ramfunc*)
 *(.data)
 .data          0x0000000020000000       0x64 /usr/lib/gcc/arm-none-eabi/9.2.1/../../../arm-none-eabi/lib/thumb/v8-m.main+fp/hard/libc_nano.a(lib_a-impure.o)
                0x0000000020000000                _impure_ptr
 *(.data*)
 .data.SystemCoreClock
                0x0000000020000064        0x4 CMakeFiles/led_blinky.elf.dir/home/ryan/git/lpc55-tiny/SDK_2.8.2_LPCXpresso55S16/devices/LPC55S16/system_LPC55S16.c.obj
                0x0000000020000064                SystemCoreClock
 *(.jcr*)
                0x0000000020000068                . = ALIGN (0x4)
                0x0000000020000068                __data_end__ = .
                0x00000000000032f0                __DATA_END = (__DATA_ROM + (__data_end__ - __data_start__))
                0x0000000000038000                text_end = (ORIGIN (m_text) + LENGTH (m_text))
                0x0000000000000001                ASSERT ((__DATA_END <= text_end), region m_text overflowed with text and data)

.tm_clone_table
                0x0000000020000068        0x0 load address 0x00000000000032f0
 .tm_clone_table
                0x0000000020000068        0x0 /usr/lib/gcc/arm-none-eabi/9.2.1/thumb/v8-m.main+fp/hard/crtbegin.o
 .tm_clone_table
                0x0000000020000068        0x0 /usr/lib/gcc/arm-none-eabi/9.2.1/thumb/v8-m.main+fp/hard/crtend.o

.igot.plt       0x0000000020000068        0x0 load address 0x00000000000032f0
 .igot.plt      0x0000000020000068        0x0 /usr/lib/gcc/arm-none-eabi/9.2.1/thumb/v8-m.main+fp/hard/crtbegin.o

.bss            0x0000000020000068      0x128 load address 0x00000000000032f0
                0x0000000020000068                . = ALIGN (0x4)
                0x0000000020000068                __START_BSS = .
                0x0000000020000068                __bss_start__ = .
 *(.bss)
 .bss           0x0000000020000068       0x1c /usr/lib/gcc/arm-none-eabi/9.2.1/thumb/v8-m.main+fp/hard/crtbegin.o
 .bss           0x0000000020000084        0x8 /usr/lib/gcc/arm-none-eabi/9.2.1/../../../arm-none-eabi/lib/thumb/v8-m.main+fp/hard/libc_nano.a(lib_a-nano-mallocr.o)
                0x0000000020000084                __malloc_free_list
                0x0000000020000088                __malloc_sbrk_start
 .bss           0x000000002000008c       0x8c /usr/lib/gcc/arm-none-eabi/9.2.1/../../../arm-none-eabi/lib/thumb/v8-m.main+fp/hard/libc_nano.a(lib_a-__atexit.o)
 .bss           0x0000000020000118        0x4 /usr/lib/gcc/arm-none-eabi/9.2.1/../../../arm-none-eabi/lib/thumb/v8-m.main+fp/hard/libc_nano.a(lib_a-__call_atexit.o)
                0x0000000020000118                _global_atexit
 *(.bss*)
 .bss.g_systickCounter
                0x000000002000011c        0x4 CMakeFiles/led_blinky.elf.dir/home/ryan/git/lpc55-tiny/SDK_2.8.2_LPCXpresso55S16/boards/lpcxpresso55s16/demo_apps/led_blinky/led_blinky.c.obj
                0x000000002000011c                g_systickCounter
 .bss.s_flexcommIrqHandler
                0x0000000020000120       0x24 CMakeFiles/led_blinky.elf.dir/home/ryan/git/lpc55-tiny/SDK_2.8.2_LPCXpresso55S16/devices/LPC55S16/drivers/fsl_flexcomm.c.obj
 .bss.s_flexcommHandle
                0x0000000020000144       0x24 CMakeFiles/led_blinky.elf.dir/home/ryan/git/lpc55-tiny/SDK_2.8.2_LPCXpresso55S16/devices/LPC55S16/drivers/fsl_flexcomm.c.obj
 .bss.s_debugConsoleState
                0x0000000020000168       0x1c CMakeFiles/led_blinky.elf.dir/home/ryan/git/lpc55-tiny/SDK_2.8.2_LPCXpresso55S16/devices/LPC55S16/utilities/debug_console/fsl_debug_console.c.obj
 .bss.g_serialHandle
                0x0000000020000184        0x4 CMakeFiles/led_blinky.elf.dir/home/ryan/git/lpc55-tiny/SDK_2.8.2_LPCXpresso55S16/devices/LPC55S16/utilities/debug_console/fsl_debug_console.c.obj
                0x0000000020000184                g_serialHandle
 .bss.heap_end.6046
                0x0000000020000188        0x4 CMakeFiles/led_blinky.elf.dir/home/ryan/git/lpc55-tiny/SDK_2.8.2_LPCXpresso55S16/devices/LPC55S16/utilities/fsl_sbrk.c.obj
 *(COMMON)
 COMMON         0x000000002000018c        0x4 /usr/lib/gcc/arm-none-eabi/9.2.1/../../../arm-none-eabi/lib/thumb/v8-m.main+fp/hard/libc_nano.a(lib_a-reent.o)
                0x000000002000018c                errno
                0x0000000020000190                . = ALIGN (0x4)
                0x0000000020000190                __bss_end__ = .
                0x0000000020000190                __END_BSS = .

.heap           0x0000000020000190      0x400 load address 0x0000000000003418
                0x0000000020000190                . = ALIGN (0x8)
                0x0000000020000190                __end__ = .
                0x0000000020000190                PROVIDE (end = .)
                0x0000000020000190                __HeapBase = .
                0x0000000020000590                . = (. + HEAP_SIZE)
 *fill*         0x0000000020000190      0x400 
                0x0000000020000590                __HeapLimit = .
                0x0000000020000590                __heap_limit = .

.stack          0x0000000020000590      0x800 load address 0x0000000000003818
                0x0000000020000590                . = ALIGN (0x8)
                0x0000000020000d90                . = (. + STACK_SIZE)
 *fill*         0x0000000020000590      0x800 

m_usb_bdt       0x0000000020010000        0x0
                0x0000000020010000                . = ALIGN (0x200)
 *(m_usb_bdt)

m_usb_global
 *(m_usb_global)
                0x0000000020010000                __StackTop = (ORIGIN (m_data) + LENGTH (m_data))
                0x000000002000f800                __StackLimit = (__StackTop - STACK_SIZE)
                0x0000000020010000                PROVIDE (__stack = __StackTop)

.ARM.attributes
                0x0000000000000000       0x36
 *(.ARM.attributes)
 .ARM.attributes
                0x0000000000000000       0x22 /usr/lib/gcc/arm-none-eabi/9.2.1/thumb/v8-m.main+fp/hard/crti.o
 .ARM.attributes
                0x0000000000000022       0x38 /usr/lib/gcc/arm-none-eabi/9.2.1/thumb/v8-m.main+fp/hard/crtbegin.o
 .ARM.attributes
                0x000000000000005a       0x20 /usr/lib/gcc/arm-none-eabi/9.2.1/../../../arm-none-eabi/lib/thumb/v8-m.main+fp/hard/crt0.o
 .ARM.attributes
                0x000000000000007a       0x3a CMakeFiles/led_blinky.elf.dir/home/ryan/git/lpc55-tiny/SDK_2.8.2_LPCXpresso55S16/boards/lpcxpresso55s16/demo_apps/led_blinky/led_blinky.c.obj
 .ARM.attributes
                0x00000000000000b4       0x3a CMakeFiles/led_blinky.elf.dir/home/ryan/git/lpc55-tiny/SDK_2.8.2_LPCXpresso55S16/boards/lpcxpresso55s16/demo_apps/led_blinky/pin_mux.c.obj
 .ARM.attributes
                0x00000000000000ee       0x3a CMakeFiles/led_blinky.elf.dir/home/ryan/git/lpc55-tiny/SDK_2.8.2_LPCXpresso55S16/devices/LPC55S16/drivers/fsl_gpio.c.obj
 .ARM.attributes
                0x0000000000000128       0x24 CMakeFiles/led_blinky.elf.dir/home/ryan/git/lpc55-tiny/SDK_2.8.2_LPCXpresso55S16/devices/LPC55S16/gcc/startup_LPC55S16.S.obj
 .ARM.attributes
                0x000000000000014c       0x3a CMakeFiles/led_blinky.elf.dir/home/ryan/git/lpc55-tiny/SDK_2.8.2_LPCXpresso55S16/devices/LPC55S16/system_LPC55S16.c.obj
 .ARM.attributes
                0x0000000000000186       0x3a CMakeFiles/led_blinky.elf.dir/home/ryan/git/lpc55-tiny/SDK_2.8.2_LPCXpresso55S16/devices/LPC55S16/drivers/fsl_usart.c.obj
 .ARM.attributes
                0x00000000000001c0       0x3a CMakeFiles/led_blinky.elf.dir/home/ryan/git/lpc55-tiny/SDK_2.8.2_LPCXpresso55S16/devices/LPC55S16/drivers/fsl_flexcomm.c.obj
 .ARM.attributes
                0x00000000000001fa       0x3a CMakeFiles/led_blinky.elf.dir/home/ryan/git/lpc55-tiny/SDK_2.8.2_LPCXpresso55S16/devices/LPC55S16/utilities/fsl_assert.c.obj
 .ARM.attributes
                0x0000000000000234       0x3a CMakeFiles/led_blinky.elf.dir/home/ryan/git/lpc55-tiny/SDK_2.8.2_LPCXpresso55S16/devices/LPC55S16/utilities/debug_console/fsl_debug_console.c.obj
 .ARM.attributes
                0x000000000000026e       0x3a CMakeFiles/led_blinky.elf.dir/home/ryan/git/lpc55-tiny/SDK_2.8.2_LPCXpresso55S16/devices/LPC55S16/utilities/str/fsl_str.c.obj
 .ARM.attributes
                0x00000000000002a8       0x3a CMakeFiles/led_blinky.elf.dir/home/ryan/git/lpc55-tiny/SDK_2.8.2_LPCXpresso55S16/components/uart/usart_adapter.c.obj
 .ARM.attributes
                0x00000000000002e2       0x3a CMakeFiles/led_blinky.elf.dir/home/ryan/git/lpc55-tiny/SDK_2.8.2_LPCXpresso55S16/components/serial_manager/serial_manager.c.obj
 .ARM.attributes
                0x000000000000031c       0x3a CMakeFiles/led_blinky.elf.dir/home/ryan/git/lpc55-tiny/SDK_2.8.2_LPCXpresso55S16/components/serial_manager/serial_port_uart.c.obj
 .ARM.attributes
                0x0000000000000356       0x3a CMakeFiles/led_blinky.elf.dir/home/ryan/git/lpc55-tiny/SDK_2.8.2_LPCXpresso55S16/devices/LPC55S16/utilities/fsl_sbrk.c.obj
 .ARM.attributes
                0x0000000000000390       0x38 /usr/lib/gcc/arm-none-eabi/9.2.1/../../../arm-none-eabi/lib/thumb/v8-m.main+fp/hard/libc_nano.a(lib_a-atexit.o)
 .ARM.attributes
                0x00000000000003c8       0x38 /usr/lib/gcc/arm-none-eabi/9.2.1/../../../arm-none-eabi/lib/thumb/v8-m.main+fp/hard/libc_nano.a(lib_a-errno.o)
 .ARM.attributes
                0x0000000000000400       0x38 /usr/lib/gcc/arm-none-eabi/9.2.1/../../../arm-none-eabi/lib/thumb/v8-m.main+fp/hard/libc_nano.a(lib_a-exit.o)
 .ARM.attributes
                0x0000000000000438       0x38 /usr/lib/gcc/arm-none-eabi/9.2.1/../../../arm-none-eabi/lib/thumb/v8-m.main+fp/hard/libc_nano.a(lib_a-fini.o)
 .ARM.attributes
                0x0000000000000470       0x36 /usr/lib/gcc/arm-none-eabi/9.2.1/../../../arm-none-eabi/lib/thumb/v8-m.main+fp/hard/libc_nano.a(lib_a-impure.o)
 .ARM.attributes
                0x00000000000004a6       0x38 /usr/lib/gcc/arm-none-eabi/9.2.1/../../../arm-none-eabi/lib/thumb/v8-m.main+fp/hard/libc_nano.a(lib_a-init.o)
 .ARM.attributes
                0x00000000000004de       0x38 /usr/lib/gcc/arm-none-eabi/9.2.1/../../../arm-none-eabi/lib/thumb/v8-m.main+fp/hard/libc_nano.a(lib_a-malloc.o)
 .ARM.attributes
                0x0000000000000516       0x38 /usr/lib/gcc/arm-none-eabi/9.2.1/../../../arm-none-eabi/lib/thumb/v8-m.main+fp/hard/libc_nano.a(lib_a-memset.o)
 .ARM.attributes
                0x000000000000054e       0x38 /usr/lib/gcc/arm-none-eabi/9.2.1/../../../arm-none-eabi/lib/thumb/v8-m.main+fp/hard/libc_nano.a(lib_a-nano-freer.o)
 .ARM.attributes
                0x0000000000000586       0x38 /usr/lib/gcc/arm-none-eabi/9.2.1/../../../arm-none-eabi/lib/thumb/v8-m.main+fp/hard/libc_nano.a(lib_a-nano-mallocr.o)
 .ARM.attributes
                0x00000000000005be       0x38 /usr/lib/gcc/arm-none-eabi/9.2.1/../../../arm-none-eabi/lib/thumb/v8-m.main+fp/hard/libc_nano.a(lib_a-sbrkr.o)
 .ARM.attributes
                0x00000000000005f6       0x38 /usr/lib/gcc/arm-none-eabi/9.2.1/../../../arm-none-eabi/lib/thumb/v8-m.main+fp/hard/libc_nano.a(lib_a-strlen-stub.o)
 .ARM.attributes
                0x000000000000062e       0x38 /usr/lib/gcc/arm-none-eabi/9.2.1/../../../arm-none-eabi/lib/thumb/v8-m.main+fp/hard/libc_nano.a(lib_a-__atexit.o)
 .ARM.attributes
                0x0000000000000666       0x38 /usr/lib/gcc/arm-none-eabi/9.2.1/../../../arm-none-eabi/lib/thumb/v8-m.main+fp/hard/libc_nano.a(lib_a-__call_atexit.o)
 .ARM.attributes
                0x000000000000069e       0x38 /usr/lib/gcc/arm-none-eabi/9.2.1/../../../arm-none-eabi/lib/thumb/v8-m.main+fp/hard/libc_nano.a(lib_a-mlock.o)
 .ARM.attributes
                0x00000000000006d6       0x38 /usr/lib/gcc/arm-none-eabi/9.2.1/../../../arm-none-eabi/lib/thumb/v8-m.main+fp/hard/libc_nano.a(lib_a-reent.o)
 .ARM.attributes
                0x000000000000070e       0x22 /usr/lib/gcc/arm-none-eabi/9.2.1/thumb/v8-m.main+fp/hard/libgcc.a(_aeabi_uldivmod.o)
 .ARM.attributes
                0x0000000000000730       0x38 /usr/lib/gcc/arm-none-eabi/9.2.1/thumb/v8-m.main+fp/hard/libgcc.a(_fixunssfdi.o)
 .ARM.attributes
                0x0000000000000768       0x38 /usr/lib/gcc/arm-none-eabi/9.2.1/thumb/v8-m.main+fp/hard/libgcc.a(_udivmoddi4.o)
 .ARM.attributes
                0x00000000000007a0       0x22 /usr/lib/gcc/arm-none-eabi/9.2.1/thumb/v8-m.main+fp/hard/libgcc.a(_arm_muldf3.o)
 .ARM.attributes
                0x00000000000007c2       0x22 /usr/lib/gcc/arm-none-eabi/9.2.1/thumb/v8-m.main+fp/hard/libgcc.a(_dvmd_tls.o)
 .ARM.attributes
                0x00000000000007e4       0x22 /usr/lib/gcc/arm-none-eabi/9.2.1/thumb/v8-m.main+fp/hard/libgcc.a(_arm_addsubdf3.o)
 .ARM.attributes
                0x0000000000000806       0x22 /usr/lib/gcc/arm-none-eabi/9.2.1/thumb/v8-m.main+fp/hard/libgcc.a(_arm_fixunsdfsi.o)
 .ARM.attributes
                0x0000000000000828       0x38 /usr/lib/gcc/arm-none-eabi/9.2.1/../../../arm-none-eabi/lib/thumb/v8-m.main+fp/hard/libnosys.a(_exit.o)
 .ARM.attributes
                0x0000000000000860       0x3a ../../../../../devices/LPC55S16/gcc/libpower_hardabi.a(fsl_power_lib.o)
 .ARM.attributes
                0x000000000000089a       0x36 /usr/lib/gcc/arm-none-eabi/9.2.1/thumb/v8-m.main+fp/hard/crtend.o
 .ARM.attributes
                0x00000000000008d0       0x22 /usr/lib/gcc/arm-none-eabi/9.2.1/thumb/v8-m.main+fp/hard/crtn.o
                0x0000000000000001                ASSERT ((__StackLimit >= __HeapLimit), region m_data overflowed with stack and heap)
OUTPUT(debug/led_blinky.elf elf32-littlearm)
LOAD linker stubs

.comment        0x0000000000000000      0x120
 .comment       0x0000000000000000       0x59 /usr/lib/gcc/arm-none-eabi/9.2.1/thumb/v8-m.main+fp/hard/crtbegin.o
                                         0x5a (size before relaxing)
 .comment       0x0000000000000059       0x5a CMakeFiles/led_blinky.elf.dir/home/ryan/git/lpc55-tiny/SDK_2.8.2_LPCXpresso55S16/boards/lpcxpresso55s16/demo_apps/led_blinky/led_blinky.c.obj
 .comment       0x0000000000000059       0x5a CMakeFiles/led_blinky.elf.dir/home/ryan/git/lpc55-tiny/SDK_2.8.2_LPCXpresso55S16/boards/lpcxpresso55s16/demo_apps/led_blinky/pin_mux.c.obj
 .comment       0x0000000000000059       0x5a CMakeFiles/led_blinky.elf.dir/home/ryan/git/lpc55-tiny/SDK_2.8.2_LPCXpresso55S16/devices/LPC55S16/drivers/fsl_gpio.c.obj
 .comment       0x0000000000000059       0x5a CMakeFiles/led_blinky.elf.dir/home/ryan/git/lpc55-tiny/SDK_2.8.2_LPCXpresso55S16/devices/LPC55S16/system_LPC55S16.c.obj
 .comment       0x0000000000000059       0x5a CMakeFiles/led_blinky.elf.dir/home/ryan/git/lpc55-tiny/SDK_2.8.2_LPCXpresso55S16/devices/LPC55S16/drivers/fsl_usart.c.obj
 .comment       0x0000000000000059       0x5a CMakeFiles/led_blinky.elf.dir/home/ryan/git/lpc55-tiny/SDK_2.8.2_LPCXpresso55S16/devices/LPC55S16/drivers/fsl_flexcomm.c.obj
 .comment       0x0000000000000059       0x5a CMakeFiles/led_blinky.elf.dir/home/ryan/git/lpc55-tiny/SDK_2.8.2_LPCXpresso55S16/devices/LPC55S16/utilities/fsl_assert.c.obj
 .comment       0x0000000000000059       0x5a CMakeFiles/led_blinky.elf.dir/home/ryan/git/lpc55-tiny/SDK_2.8.2_LPCXpresso55S16/devices/LPC55S16/utilities/debug_console/fsl_debug_console.c.obj
 .comment       0x0000000000000059       0x5a CMakeFiles/led_blinky.elf.dir/home/ryan/git/lpc55-tiny/SDK_2.8.2_LPCXpresso55S16/devices/LPC55S16/utilities/str/fsl_str.c.obj
 .comment       0x0000000000000059       0x5a CMakeFiles/led_blinky.elf.dir/home/ryan/git/lpc55-tiny/SDK_2.8.2_LPCXpresso55S16/components/uart/usart_adapter.c.obj
 .comment       0x0000000000000059       0x5a CMakeFiles/led_blinky.elf.dir/home/ryan/git/lpc55-tiny/SDK_2.8.2_LPCXpresso55S16/components/serial_manager/serial_manager.c.obj
 .comment       0x0000000000000059       0x5a CMakeFiles/led_blinky.elf.dir/home/ryan/git/lpc55-tiny/SDK_2.8.2_LPCXpresso55S16/components/serial_manager/serial_port_uart.c.obj
 .comment       0x0000000000000059       0x5a CMakeFiles/led_blinky.elf.dir/home/ryan/git/lpc55-tiny/SDK_2.8.2_LPCXpresso55S16/devices/LPC55S16/utilities/fsl_sbrk.c.obj
 .comment       0x0000000000000059       0x4e /usr/lib/gcc/arm-none-eabi/9.2.1/../../../arm-none-eabi/lib/thumb/v8-m.main+fp/hard/libc_nano.a(lib_a-atexit.o)
                                         0x4f (size before relaxing)
 .comment       0x00000000000000a7       0x4f /usr/lib/gcc/arm-none-eabi/9.2.1/../../../arm-none-eabi/lib/thumb/v8-m.main+fp/hard/libc_nano.a(lib_a-errno.o)
 .comment       0x00000000000000a7       0x4f /usr/lib/gcc/arm-none-eabi/9.2.1/../../../arm-none-eabi/lib/thumb/v8-m.main+fp/hard/libc_nano.a(lib_a-exit.o)
 .comment       0x00000000000000a7       0x4f /usr/lib/gcc/arm-none-eabi/9.2.1/../../../arm-none-eabi/lib/thumb/v8-m.main+fp/hard/libc_nano.a(lib_a-fini.o)
 .comment       0x00000000000000a7       0x4f /usr/lib/gcc/arm-none-eabi/9.2.1/../../../arm-none-eabi/lib/thumb/v8-m.main+fp/hard/libc_nano.a(lib_a-impure.o)
 .comment       0x00000000000000a7       0x4f /usr/lib/gcc/arm-none-eabi/9.2.1/../../../arm-none-eabi/lib/thumb/v8-m.main+fp/hard/libc_nano.a(lib_a-init.o)
 .comment       0x00000000000000a7       0x4f /usr/lib/gcc/arm-none-eabi/9.2.1/../../../arm-none-eabi/lib/thumb/v8-m.main+fp/hard/libc_nano.a(lib_a-malloc.o)
 .comment       0x00000000000000a7       0x4f /usr/lib/gcc/arm-none-eabi/9.2.1/../../../arm-none-eabi/lib/thumb/v8-m.main+fp/hard/libc_nano.a(lib_a-memset.o)
 .comment       0x00000000000000a7       0x4f /usr/lib/gcc/arm-none-eabi/9.2.1/../../../arm-none-eabi/lib/thumb/v8-m.main+fp/hard/libc_nano.a(lib_a-nano-freer.o)
 .comment       0x00000000000000a7       0x4f /usr/lib/gcc/arm-none-eabi/9.2.1/../../../arm-none-eabi/lib/thumb/v8-m.main+fp/hard/libc_nano.a(lib_a-nano-mallocr.o)
 .comment       0x00000000000000a7       0x4f /usr/lib/gcc/arm-none-eabi/9.2.1/../../../arm-none-eabi/lib/thumb/v8-m.main+fp/hard/libc_nano.a(lib_a-sbrkr.o)
 .comment       0x00000000000000a7       0x4f /usr/lib/gcc/arm-none-eabi/9.2.1/../../../arm-none-eabi/lib/thumb/v8-m.main+fp/hard/libc_nano.a(lib_a-strlen-stub.o)
 .comment       0x00000000000000a7       0x4f /usr/lib/gcc/arm-none-eabi/9.2.1/../../../arm-none-eabi/lib/thumb/v8-m.main+fp/hard/libc_nano.a(lib_a-__atexit.o)
 .comment       0x00000000000000a7       0x4f /usr/lib/gcc/arm-none-eabi/9.2.1/../../../arm-none-eabi/lib/thumb/v8-m.main+fp/hard/libc_nano.a(lib_a-__call_atexit.o)
 .comment       0x00000000000000a7       0x4f /usr/lib/gcc/arm-none-eabi/9.2.1/../../../arm-none-eabi/lib/thumb/v8-m.main+fp/hard/libc_nano.a(lib_a-mlock.o)
 .comment       0x00000000000000a7       0x4f /usr/lib/gcc/arm-none-eabi/9.2.1/../../../arm-none-eabi/lib/thumb/v8-m.main+fp/hard/libc_nano.a(lib_a-reent.o)
 .comment       0x00000000000000a7       0x5a /usr/lib/gcc/arm-none-eabi/9.2.1/thumb/v8-m.main+fp/hard/libgcc.a(_fixunssfdi.o)
 .comment       0x00000000000000a7       0x5a /usr/lib/gcc/arm-none-eabi/9.2.1/thumb/v8-m.main+fp/hard/libgcc.a(_udivmoddi4.o)
 .comment       0x00000000000000a7       0x4f /usr/lib/gcc/arm-none-eabi/9.2.1/../../../arm-none-eabi/lib/thumb/v8-m.main+fp/hard/libnosys.a(_exit.o)
 .comment       0x00000000000000a7       0x79 ../../../../../devices/LPC55S16/gcc/libpower_hardabi.a(fsl_power_lib.o)
                                         0x7a (size before relaxing)
 .comment       0x0000000000000120       0x5a /usr/lib/gcc/arm-none-eabi/9.2.1/thumb/v8-m.main+fp/hard/crtend.o

.debug_line     0x0000000000000000     0x852f
 .debug_line    0x0000000000000000       0x87 /usr/lib/gcc/arm-none-eabi/9.2.1/../../../arm-none-eabi/lib/thumb/v8-m.main+fp/hard/crt0.o
 .debug_line    0x0000000000000087      0x43d CMakeFiles/led_blinky.elf.dir/home/ryan/git/lpc55-tiny/SDK_2.8.2_LPCXpresso55S16/boards/lpcxpresso55s16/demo_apps/led_blinky/led_blinky.c.obj
 .debug_line    0x00000000000004c4      0x3aa CMakeFiles/led_blinky.elf.dir/home/ryan/git/lpc55-tiny/SDK_2.8.2_LPCXpresso55S16/boards/lpcxpresso55s16/demo_apps/led_blinky/pin_mux.c.obj
 .debug_line    0x000000000000086e      0x31f CMakeFiles/led_blinky.elf.dir/home/ryan/git/lpc55-tiny/SDK_2.8.2_LPCXpresso55S16/devices/LPC55S16/drivers/fsl_gpio.c.obj
 .debug_line    0x0000000000000b8d      0x214 CMakeFiles/led_blinky.elf.dir/home/ryan/git/lpc55-tiny/SDK_2.8.2_LPCXpresso55S16/devices/LPC55S16/gcc/startup_LPC55S16.S.obj
 .debug_line    0x0000000000000da1      0x5b4 CMakeFiles/led_blinky.elf.dir/home/ryan/git/lpc55-tiny/SDK_2.8.2_LPCXpresso55S16/devices/LPC55S16/system_LPC55S16.c.obj
 .debug_line    0x0000000000001355      0xd9c CMakeFiles/led_blinky.elf.dir/home/ryan/git/lpc55-tiny/SDK_2.8.2_LPCXpresso55S16/devices/LPC55S16/drivers/fsl_usart.c.obj
 .debug_line    0x00000000000020f1      0x556 CMakeFiles/led_blinky.elf.dir/home/ryan/git/lpc55-tiny/SDK_2.8.2_LPCXpresso55S16/devices/LPC55S16/drivers/fsl_flexcomm.c.obj
 .debug_line    0x0000000000002647      0x3c6 CMakeFiles/led_blinky.elf.dir/home/ryan/git/lpc55-tiny/SDK_2.8.2_LPCXpresso55S16/devices/LPC55S16/utilities/fsl_assert.c.obj
 .debug_line    0x0000000000002a0d      0x75d CMakeFiles/led_blinky.elf.dir/home/ryan/git/lpc55-tiny/SDK_2.8.2_LPCXpresso55S16/devices/LPC55S16/utilities/debug_console/fsl_debug_console.c.obj
 .debug_line    0x000000000000316a      0x999 CMakeFiles/led_blinky.elf.dir/home/ryan/git/lpc55-tiny/SDK_2.8.2_LPCXpresso55S16/devices/LPC55S16/utilities/str/fsl_str.c.obj
 .debug_line    0x0000000000003b03      0x4b6 CMakeFiles/led_blinky.elf.dir/home/ryan/git/lpc55-tiny/SDK_2.8.2_LPCXpresso55S16/components/uart/usart_adapter.c.obj
 .debug_line    0x0000000000003fb9      0x6b1 CMakeFiles/led_blinky.elf.dir/home/ryan/git/lpc55-tiny/SDK_2.8.2_LPCXpresso55S16/components/serial_manager/serial_manager.c.obj
 .debug_line    0x000000000000466a      0x46f CMakeFiles/led_blinky.elf.dir/home/ryan/git/lpc55-tiny/SDK_2.8.2_LPCXpresso55S16/components/serial_manager/serial_port_uart.c.obj
 .debug_line    0x0000000000004ad9      0x14b CMakeFiles/led_blinky.elf.dir/home/ryan/git/lpc55-tiny/SDK_2.8.2_LPCXpresso55S16/devices/LPC55S16/utilities/fsl_sbrk.c.obj
 .debug_line    0x0000000000004c24      0x14a /usr/lib/gcc/arm-none-eabi/9.2.1/../../../arm-none-eabi/lib/thumb/v8-m.main+fp/hard/libc_nano.a(lib_a-atexit.o)
 .debug_line    0x0000000000004d6e      0x108 /usr/lib/gcc/arm-none-eabi/9.2.1/../../../arm-none-eabi/lib/thumb/v8-m.main+fp/hard/libc_nano.a(lib_a-errno.o)
 .debug_line    0x0000000000004e76      0x16c /usr/lib/gcc/arm-none-eabi/9.2.1/../../../arm-none-eabi/lib/thumb/v8-m.main+fp/hard/libc_nano.a(lib_a-exit.o)
 .debug_line    0x0000000000004fe2       0xd7 /usr/lib/gcc/arm-none-eabi/9.2.1/../../../arm-none-eabi/lib/thumb/v8-m.main+fp/hard/libc_nano.a(lib_a-fini.o)
 .debug_line    0x00000000000050b9       0xe3 /usr/lib/gcc/arm-none-eabi/9.2.1/../../../arm-none-eabi/lib/thumb/v8-m.main+fp/hard/libc_nano.a(lib_a-impure.o)
 .debug_line    0x000000000000519c      0x113 /usr/lib/gcc/arm-none-eabi/9.2.1/../../../arm-none-eabi/lib/thumb/v8-m.main+fp/hard/libc_nano.a(lib_a-init.o)
 .debug_line    0x00000000000052af      0x15e /usr/lib/gcc/arm-none-eabi/9.2.1/../../../arm-none-eabi/lib/thumb/v8-m.main+fp/hard/libc_nano.a(lib_a-malloc.o)
 .debug_line    0x000000000000540d      0x26d /usr/lib/gcc/arm-none-eabi/9.2.1/../../../arm-none-eabi/lib/thumb/v8-m.main+fp/hard/libc_nano.a(lib_a-memset.o)
 .debug_line    0x000000000000567a      0x2ac /usr/lib/gcc/arm-none-eabi/9.2.1/../../../arm-none-eabi/lib/thumb/v8-m.main+fp/hard/libc_nano.a(lib_a-nano-freer.o)
 .debug_line    0x0000000000005926      0x2ed /usr/lib/gcc/arm-none-eabi/9.2.1/../../../arm-none-eabi/lib/thumb/v8-m.main+fp/hard/libc_nano.a(lib_a-nano-mallocr.o)
 .debug_line    0x0000000000005c13      0x182 /usr/lib/gcc/arm-none-eabi/9.2.1/../../../arm-none-eabi/lib/thumb/v8-m.main+fp/hard/libc_nano.a(lib_a-sbrkr.o)
 .debug_line    0x0000000000005d95      0x14e /usr/lib/gcc/arm-none-eabi/9.2.1/../../../arm-none-eabi/lib/thumb/v8-m.main+fp/hard/libc_nano.a(lib_a-strlen-stub.o)
 .debug_line    0x0000000000005ee3      0x245 /usr/lib/gcc/arm-none-eabi/9.2.1/../../../arm-none-eabi/lib/thumb/v8-m.main+fp/hard/libc_nano.a(lib_a-__atexit.o)
 .debug_line    0x0000000000006128      0x22f /usr/lib/gcc/arm-none-eabi/9.2.1/../../../arm-none-eabi/lib/thumb/v8-m.main+fp/hard/libc_nano.a(lib_a-__call_atexit.o)
 .debug_line    0x0000000000006357      0x13d /usr/lib/gcc/arm-none-eabi/9.2.1/../../../arm-none-eabi/lib/thumb/v8-m.main+fp/hard/libc_nano.a(lib_a-mlock.o)
 .debug_line    0x0000000000006494      0x275 /usr/lib/gcc/arm-none-eabi/9.2.1/../../../arm-none-eabi/lib/thumb/v8-m.main+fp/hard/libc_nano.a(lib_a-reent.o)
 .debug_line    0x0000000000006709       0x60 /usr/lib/gcc/arm-none-eabi/9.2.1/thumb/v8-m.main+fp/hard/libgcc.a(_aeabi_uldivmod.o)
 .debug_line    0x0000000000006769      0x13d /usr/lib/gcc/arm-none-eabi/9.2.1/thumb/v8-m.main+fp/hard/libgcc.a(_fixunssfdi.o)
 .debug_line    0x00000000000068a6      0x60f /usr/lib/gcc/arm-none-eabi/9.2.1/thumb/v8-m.main+fp/hard/libgcc.a(_udivmoddi4.o)
 .debug_line    0x0000000000006eb5      0x10c /usr/lib/gcc/arm-none-eabi/9.2.1/thumb/v8-m.main+fp/hard/libgcc.a(_arm_muldf3.o)
 .debug_line    0x0000000000006fc1       0x60 /usr/lib/gcc/arm-none-eabi/9.2.1/thumb/v8-m.main+fp/hard/libgcc.a(_dvmd_tls.o)
 .debug_line    0x0000000000007021      0x186 /usr/lib/gcc/arm-none-eabi/9.2.1/thumb/v8-m.main+fp/hard/libgcc.a(_arm_addsubdf3.o)
 .debug_line    0x00000000000071a7       0x75 /usr/lib/gcc/arm-none-eabi/9.2.1/thumb/v8-m.main+fp/hard/libgcc.a(_arm_fixunsdfsi.o)
 .debug_line    0x000000000000721c       0x6e /usr/lib/gcc/arm-none-eabi/9.2.1/../../../arm-none-eabi/lib/thumb/v8-m.main+fp/hard/libnosys.a(_exit.o)
 .debug_line    0x000000000000728a     0x12a5 ../../../../../devices/LPC55S16/gcc/libpower_hardabi.a(fsl_power_lib.o)

.debug_info     0x0000000000000000    0x20c51
 .debug_info    0x0000000000000000       0x26 /usr/lib/gcc/arm-none-eabi/9.2.1/../../../arm-none-eabi/lib/thumb/v8-m.main+fp/hard/crt0.o
 .debug_info    0x0000000000000026     0x1663 CMakeFiles/led_blinky.elf.dir/home/ryan/git/lpc55-tiny/SDK_2.8.2_LPCXpresso55S16/boards/lpcxpresso55s16/demo_apps/led_blinky/led_blinky.c.obj
 .debug_info    0x0000000000001689     0x1b61 CMakeFiles/led_blinky.elf.dir/home/ryan/git/lpc55-tiny/SDK_2.8.2_LPCXpresso55S16/boards/lpcxpresso55s16/demo_apps/led_blinky/pin_mux.c.obj
 .debug_info    0x00000000000031ea     0x2073 CMakeFiles/led_blinky.elf.dir/home/ryan/git/lpc55-tiny/SDK_2.8.2_LPCXpresso55S16/devices/LPC55S16/drivers/fsl_gpio.c.obj
 .debug_info    0x000000000000525d       0x26 CMakeFiles/led_blinky.elf.dir/home/ryan/git/lpc55-tiny/SDK_2.8.2_LPCXpresso55S16/devices/LPC55S16/gcc/startup_LPC55S16.S.obj
 .debug_info    0x0000000000005283     0x153d CMakeFiles/led_blinky.elf.dir/home/ryan/git/lpc55-tiny/SDK_2.8.2_LPCXpresso55S16/devices/LPC55S16/system_LPC55S16.c.obj
 .debug_info    0x00000000000067c0     0x21e0 CMakeFiles/led_blinky.elf.dir/home/ryan/git/lpc55-tiny/SDK_2.8.2_LPCXpresso55S16/devices/LPC55S16/drivers/fsl_usart.c.obj
 .debug_info    0x00000000000089a0     0x23fd CMakeFiles/led_blinky.elf.dir/home/ryan/git/lpc55-tiny/SDK_2.8.2_LPCXpresso55S16/devices/LPC55S16/drivers/fsl_flexcomm.c.obj
 .debug_info    0x000000000000ad9d      0x9b3 CMakeFiles/led_blinky.elf.dir/home/ryan/git/lpc55-tiny/SDK_2.8.2_LPCXpresso55S16/devices/LPC55S16/utilities/fsl_assert.c.obj
 .debug_info    0x000000000000b750     0x13df CMakeFiles/led_blinky.elf.dir/home/ryan/git/lpc55-tiny/SDK_2.8.2_LPCXpresso55S16/devices/LPC55S16/utilities/debug_console/fsl_debug_console.c.obj
 .debug_info    0x000000000000cb2f     0x136e CMakeFiles/led_blinky.elf.dir/home/ryan/git/lpc55-tiny/SDK_2.8.2_LPCXpresso55S16/devices/LPC55S16/utilities/str/fsl_str.c.obj
 .debug_info    0x000000000000de9d     0x16f6 CMakeFiles/led_blinky.elf.dir/home/ryan/git/lpc55-tiny/SDK_2.8.2_LPCXpresso55S16/components/uart/usart_adapter.c.obj
 .debug_info    0x000000000000f593     0x125f CMakeFiles/led_blinky.elf.dir/home/ryan/git/lpc55-tiny/SDK_2.8.2_LPCXpresso55S16/components/serial_manager/serial_manager.c.obj
 .debug_info    0x00000000000107f2      0xe8d CMakeFiles/led_blinky.elf.dir/home/ryan/git/lpc55-tiny/SDK_2.8.2_LPCXpresso55S16/components/serial_manager/serial_port_uart.c.obj
 .debug_info    0x000000000001167f      0x9b2 CMakeFiles/led_blinky.elf.dir/home/ryan/git/lpc55-tiny/SDK_2.8.2_LPCXpresso55S16/devices/LPC55S16/utilities/fsl_sbrk.c.obj
 .debug_info    0x0000000000012031      0x995 /usr/lib/gcc/arm-none-eabi/9.2.1/../../../arm-none-eabi/lib/thumb/v8-m.main+fp/hard/libc_nano.a(lib_a-atexit.o)
 .debug_info    0x00000000000129c6      0x953 /usr/lib/gcc/arm-none-eabi/9.2.1/../../../arm-none-eabi/lib/thumb/v8-m.main+fp/hard/libc_nano.a(lib_a-errno.o)
 .debug_info    0x0000000000013319      0x9e7 /usr/lib/gcc/arm-none-eabi/9.2.1/../../../arm-none-eabi/lib/thumb/v8-m.main+fp/hard/libc_nano.a(lib_a-exit.o)
 .debug_info    0x0000000000013d00      0x102 /usr/lib/gcc/arm-none-eabi/9.2.1/../../../arm-none-eabi/lib/thumb/v8-m.main+fp/hard/libc_nano.a(lib_a-fini.o)
 .debug_info    0x0000000000013e02      0x92a /usr/lib/gcc/arm-none-eabi/9.2.1/../../../arm-none-eabi/lib/thumb/v8-m.main+fp/hard/libc_nano.a(lib_a-impure.o)
 .debug_info    0x000000000001472c      0x11a /usr/lib/gcc/arm-none-eabi/9.2.1/../../../arm-none-eabi/lib/thumb/v8-m.main+fp/hard/libc_nano.a(lib_a-init.o)
 .debug_info    0x0000000000014846      0x9b6 /usr/lib/gcc/arm-none-eabi/9.2.1/../../../arm-none-eabi/lib/thumb/v8-m.main+fp/hard/libc_nano.a(lib_a-malloc.o)
 .debug_info    0x00000000000151fc      0xf21 /usr/lib/gcc/arm-none-eabi/9.2.1/../../../arm-none-eabi/lib/thumb/v8-m.main+fp/hard/libc_nano.a(lib_a-memset.o)
 .debug_info    0x000000000001611d      0xb85 /usr/lib/gcc/arm-none-eabi/9.2.1/../../../arm-none-eabi/lib/thumb/v8-m.main+fp/hard/libc_nano.a(lib_a-nano-freer.o)
 .debug_info    0x0000000000016ca2      0xc5a /usr/lib/gcc/arm-none-eabi/9.2.1/../../../arm-none-eabi/lib/thumb/v8-m.main+fp/hard/libc_nano.a(lib_a-nano-mallocr.o)
 .debug_info    0x00000000000178fc      0x9fb /usr/lib/gcc/arm-none-eabi/9.2.1/../../../arm-none-eabi/lib/thumb/v8-m.main+fp/hard/libc_nano.a(lib_a-sbrkr.o)
 .debug_info    0x00000000000182f7      0x941 /usr/lib/gcc/arm-none-eabi/9.2.1/../../../arm-none-eabi/lib/thumb/v8-m.main+fp/hard/libc_nano.a(lib_a-strlen-stub.o)
 .debug_info    0x0000000000018c38      0xa38 /usr/lib/gcc/arm-none-eabi/9.2.1/../../../arm-none-eabi/lib/thumb/v8-m.main+fp/hard/libc_nano.a(lib_a-__atexit.o)
 .debug_info    0x0000000000019670      0xa10 /usr/lib/gcc/arm-none-eabi/9.2.1/../../../arm-none-eabi/lib/thumb/v8-m.main+fp/hard/libc_nano.a(lib_a-__call_atexit.o)
 .debug_info    0x000000000001a080      0x961 /usr/lib/gcc/arm-none-eabi/9.2.1/../../../arm-none-eabi/lib/thumb/v8-m.main+fp/hard/libc_nano.a(lib_a-mlock.o)
 .debug_info    0x000000000001a9e1      0xb0f /usr/lib/gcc/arm-none-eabi/9.2.1/../../../arm-none-eabi/lib/thumb/v8-m.main+fp/hard/libc_nano.a(lib_a-reent.o)
 .debug_info    0x000000000001b4f0       0x26 /usr/lib/gcc/arm-none-eabi/9.2.1/thumb/v8-m.main+fp/hard/libgcc.a(_aeabi_uldivmod.o)
 .debug_info    0x000000000001b516      0x993 /usr/lib/gcc/arm-none-eabi/9.2.1/thumb/v8-m.main+fp/hard/libgcc.a(_fixunssfdi.o)
 .debug_info    0x000000000001bea9      0xd7c /usr/lib/gcc/arm-none-eabi/9.2.1/thumb/v8-m.main+fp/hard/libgcc.a(_udivmoddi4.o)
 .debug_info    0x000000000001cc25       0x26 /usr/lib/gcc/arm-none-eabi/9.2.1/thumb/v8-m.main+fp/hard/libgcc.a(_arm_muldf3.o)
 .debug_info    0x000000000001cc4b       0x26 /usr/lib/gcc/arm-none-eabi/9.2.1/thumb/v8-m.main+fp/hard/libgcc.a(_dvmd_tls.o)
 .debug_info    0x000000000001cc71       0x26 /usr/lib/gcc/arm-none-eabi/9.2.1/thumb/v8-m.main+fp/hard/libgcc.a(_arm_addsubdf3.o)
 .debug_info    0x000000000001cc97       0x26 /usr/lib/gcc/arm-none-eabi/9.2.1/thumb/v8-m.main+fp/hard/libgcc.a(_arm_fixunsdfsi.o)
 .debug_info    0x000000000001ccbd       0xa3 /usr/lib/gcc/arm-none-eabi/9.2.1/../../../arm-none-eabi/lib/thumb/v8-m.main+fp/hard/libnosys.a(_exit.o)
 .debug_info    0x000000000001cd60     0x3ef1 ../../../../../devices/LPC55S16/gcc/libpower_hardabi.a(fsl_power_lib.o)

.debug_abbrev   0x0000000000000000     0x4ce8
 .debug_abbrev  0x0000000000000000       0x14 /usr/lib/gcc/arm-none-eabi/9.2.1/../../../arm-none-eabi/lib/thumb/v8-m.main+fp/hard/crt0.o
 .debug_abbrev  0x0000000000000014      0x318 CMakeFiles/led_blinky.elf.dir/home/ryan/git/lpc55-tiny/SDK_2.8.2_LPCXpresso55S16/boards/lpcxpresso55s16/demo_apps/led_blinky/led_blinky.c.obj
 .debug_abbrev  0x000000000000032c      0x2f8 CMakeFiles/led_blinky.elf.dir/home/ryan/git/lpc55-tiny/SDK_2.8.2_LPCXpresso55S16/boards/lpcxpresso55s16/demo_apps/led_blinky/pin_mux.c.obj
 .debug_abbrev  0x0000000000000624      0x2f6 CMakeFiles/led_blinky.elf.dir/home/ryan/git/lpc55-tiny/SDK_2.8.2_LPCXpresso55S16/devices/LPC55S16/drivers/fsl_gpio.c.obj
 .debug_abbrev  0x000000000000091a       0x14 CMakeFiles/led_blinky.elf.dir/home/ryan/git/lpc55-tiny/SDK_2.8.2_LPCXpresso55S16/devices/LPC55S16/gcc/startup_LPC55S16.S.obj
 .debug_abbrev  0x000000000000092e      0x1fa CMakeFiles/led_blinky.elf.dir/home/ryan/git/lpc55-tiny/SDK_2.8.2_LPCXpresso55S16/devices/LPC55S16/system_LPC55S16.c.obj
 .debug_abbrev  0x0000000000000b28      0x460 CMakeFiles/led_blinky.elf.dir/home/ryan/git/lpc55-tiny/SDK_2.8.2_LPCXpresso55S16/devices/LPC55S16/drivers/fsl_usart.c.obj
 .debug_abbrev  0x0000000000000f88      0x36f CMakeFiles/led_blinky.elf.dir/home/ryan/git/lpc55-tiny/SDK_2.8.2_LPCXpresso55S16/devices/LPC55S16/drivers/fsl_flexcomm.c.obj
 .debug_abbrev  0x00000000000012f7      0x1ea CMakeFiles/led_blinky.elf.dir/home/ryan/git/lpc55-tiny/SDK_2.8.2_LPCXpresso55S16/devices/LPC55S16/utilities/fsl_assert.c.obj
 .debug_abbrev  0x00000000000014e1      0x329 CMakeFiles/led_blinky.elf.dir/home/ryan/git/lpc55-tiny/SDK_2.8.2_LPCXpresso55S16/devices/LPC55S16/utilities/debug_console/fsl_debug_console.c.obj
 .debug_abbrev  0x000000000000180a      0x379 CMakeFiles/led_blinky.elf.dir/home/ryan/git/lpc55-tiny/SDK_2.8.2_LPCXpresso55S16/devices/LPC55S16/utilities/str/fsl_str.c.obj
 .debug_abbrev  0x0000000000001b83      0x2fa CMakeFiles/led_blinky.elf.dir/home/ryan/git/lpc55-tiny/SDK_2.8.2_LPCXpresso55S16/components/uart/usart_adapter.c.obj
 .debug_abbrev  0x0000000000001e7d      0x329 CMakeFiles/led_blinky.elf.dir/home/ryan/git/lpc55-tiny/SDK_2.8.2_LPCXpresso55S16/components/serial_manager/serial_manager.c.obj
 .debug_abbrev  0x00000000000021a6      0x270 CMakeFiles/led_blinky.elf.dir/home/ryan/git/lpc55-tiny/SDK_2.8.2_LPCXpresso55S16/components/serial_manager/serial_port_uart.c.obj
 .debug_abbrev  0x0000000000002416      0x233 CMakeFiles/led_blinky.elf.dir/home/ryan/git/lpc55-tiny/SDK_2.8.2_LPCXpresso55S16/devices/LPC55S16/utilities/fsl_sbrk.c.obj
 .debug_abbrev  0x0000000000002649      0x1f4 /usr/lib/gcc/arm-none-eabi/9.2.1/../../../arm-none-eabi/lib/thumb/v8-m.main+fp/hard/libc_nano.a(lib_a-atexit.o)
 .debug_abbrev  0x000000000000283d      0x198 /usr/lib/gcc/arm-none-eabi/9.2.1/../../../arm-none-eabi/lib/thumb/v8-m.main+fp/hard/libc_nano.a(lib_a-errno.o)
 .debug_abbrev  0x00000000000029d5      0x1f6 /usr/lib/gcc/arm-none-eabi/9.2.1/../../../arm-none-eabi/lib/thumb/v8-m.main+fp/hard/libc_nano.a(lib_a-exit.o)
 .debug_abbrev  0x0000000000002bcb       0xcf /usr/lib/gcc/arm-none-eabi/9.2.1/../../../arm-none-eabi/lib/thumb/v8-m.main+fp/hard/libc_nano.a(lib_a-fini.o)
 .debug_abbrev  0x0000000000002c9a      0x17a /usr/lib/gcc/arm-none-eabi/9.2.1/../../../arm-none-eabi/lib/thumb/v8-m.main+fp/hard/libc_nano.a(lib_a-impure.o)
 .debug_abbrev  0x0000000000002e14       0xcc /usr/lib/gcc/arm-none-eabi/9.2.1/../../../arm-none-eabi/lib/thumb/v8-m.main+fp/hard/libc_nano.a(lib_a-init.o)
 .debug_abbrev  0x0000000000002ee0      0x1f2 /usr/lib/gcc/arm-none-eabi/9.2.1/../../../arm-none-eabi/lib/thumb/v8-m.main+fp/hard/libc_nano.a(lib_a-malloc.o)
 .debug_abbrev  0x00000000000030d2      0x1d9 /usr/lib/gcc/arm-none-eabi/9.2.1/../../../arm-none-eabi/lib/thumb/v8-m.main+fp/hard/libc_nano.a(lib_a-memset.o)
 .debug_abbrev  0x00000000000032ab      0x286 /usr/lib/gcc/arm-none-eabi/9.2.1/../../../arm-none-eabi/lib/thumb/v8-m.main+fp/hard/libc_nano.a(lib_a-nano-freer.o)
 .debug_abbrev  0x0000000000003531      0x2d1 /usr/lib/gcc/arm-none-eabi/9.2.1/../../../arm-none-eabi/lib/thumb/v8-m.main+fp/hard/libc_nano.a(lib_a-nano-mallocr.o)
 .debug_abbrev  0x0000000000003802      0x212 /usr/lib/gcc/arm-none-eabi/9.2.1/../../../arm-none-eabi/lib/thumb/v8-m.main+fp/hard/libc_nano.a(lib_a-sbrkr.o)
 .debug_abbrev  0x0000000000003a14      0x194 /usr/lib/gcc/arm-none-eabi/9.2.1/../../../arm-none-eabi/lib/thumb/v8-m.main+fp/hard/libc_nano.a(lib_a-strlen-stub.o)
 .debug_abbrev  0x0000000000003ba8      0x25f /usr/lib/gcc/arm-none-eabi/9.2.1/../../../arm-none-eabi/lib/thumb/v8-m.main+fp/hard/libc_nano.a(lib_a-__atexit.o)
 .debug_abbrev  0x0000000000003e07      0x237 /usr/lib/gcc/arm-none-eabi/9.2.1/../../../arm-none-eabi/lib/thumb/v8-m.main+fp/hard/libc_nano.a(lib_a-__call_atexit.o)
 .debug_abbrev  0x000000000000403e      0x1c5 /usr/lib/gcc/arm-none-eabi/9.2.1/../../../arm-none-eabi/lib/thumb/v8-m.main+fp/hard/libc_nano.a(lib_a-mlock.o)
 .debug_abbrev  0x0000000000004203      0x268 /usr/lib/gcc/arm-none-eabi/9.2.1/../../../arm-none-eabi/lib/thumb/v8-m.main+fp/hard/libc_nano.a(lib_a-reent.o)
 .debug_abbrev  0x000000000000446b       0x14 /usr/lib/gcc/arm-none-eabi/9.2.1/thumb/v8-m.main+fp/hard/libgcc.a(_aeabi_uldivmod.o)
 .debug_abbrev  0x000000000000447f      0x14f /usr/lib/gcc/arm-none-eabi/9.2.1/thumb/v8-m.main+fp/hard/libgcc.a(_fixunssfdi.o)
 .debug_abbrev  0x00000000000045ce      0x1c2 /usr/lib/gcc/arm-none-eabi/9.2.1/thumb/v8-m.main+fp/hard/libgcc.a(_udivmoddi4.o)
 .debug_abbrev  0x0000000000004790       0x14 /usr/lib/gcc/arm-none-eabi/9.2.1/thumb/v8-m.main+fp/hard/libgcc.a(_arm_muldf3.o)
 .debug_abbrev  0x00000000000047a4       0x14 /usr/lib/gcc/arm-none-eabi/9.2.1/thumb/v8-m.main+fp/hard/libgcc.a(_dvmd_tls.o)
 .debug_abbrev  0x00000000000047b8       0x14 /usr/lib/gcc/arm-none-eabi/9.2.1/thumb/v8-m.main+fp/hard/libgcc.a(_arm_addsubdf3.o)
 .debug_abbrev  0x00000000000047cc       0x14 /usr/lib/gcc/arm-none-eabi/9.2.1/thumb/v8-m.main+fp/hard/libgcc.a(_arm_fixunsdfsi.o)
 .debug_abbrev  0x00000000000047e0       0x6a /usr/lib/gcc/arm-none-eabi/9.2.1/../../../arm-none-eabi/lib/thumb/v8-m.main+fp/hard/libnosys.a(_exit.o)
 .debug_abbrev  0x000000000000484a      0x49e ../../../../../devices/LPC55S16/gcc/libpower_hardabi.a(fsl_power_lib.o)

.debug_aranges  0x0000000000000000      0x930
 .debug_aranges
                0x0000000000000000       0x20 /usr/lib/gcc/arm-none-eabi/9.2.1/../../../arm-none-eabi/lib/thumb/v8-m.main+fp/hard/crt0.o
 .debug_aranges
                0x0000000000000020       0x48 CMakeFiles/led_blinky.elf.dir/home/ryan/git/lpc55-tiny/SDK_2.8.2_LPCXpresso55S16/boards/lpcxpresso55s16/demo_apps/led_blinky/led_blinky.c.obj
 .debug_aranges
                0x0000000000000068       0x38 CMakeFiles/led_blinky.elf.dir/home/ryan/git/lpc55-tiny/SDK_2.8.2_LPCXpresso55S16/boards/lpcxpresso55s16/demo_apps/led_blinky/pin_mux.c.obj
 .debug_aranges
                0x00000000000000a0       0x30 CMakeFiles/led_blinky.elf.dir/home/ryan/git/lpc55-tiny/SDK_2.8.2_LPCXpresso55S16/devices/LPC55S16/drivers/fsl_gpio.c.obj
 .debug_aranges
                0x00000000000000d0       0x20 CMakeFiles/led_blinky.elf.dir/home/ryan/git/lpc55-tiny/SDK_2.8.2_LPCXpresso55S16/devices/LPC55S16/gcc/startup_LPC55S16.S.obj
 .debug_aranges
                0x00000000000000f0       0x88 CMakeFiles/led_blinky.elf.dir/home/ryan/git/lpc55-tiny/SDK_2.8.2_LPCXpresso55S16/devices/LPC55S16/system_LPC55S16.c.obj
 .debug_aranges
                0x0000000000000178       0xe8 CMakeFiles/led_blinky.elf.dir/home/ryan/git/lpc55-tiny/SDK_2.8.2_LPCXpresso55S16/devices/LPC55S16/drivers/fsl_usart.c.obj
 .debug_aranges
                0x0000000000000260       0x90 CMakeFiles/led_blinky.elf.dir/home/ryan/git/lpc55-tiny/SDK_2.8.2_LPCXpresso55S16/devices/LPC55S16/drivers/fsl_flexcomm.c.obj
 .debug_aranges
                0x00000000000002f0       0x20 CMakeFiles/led_blinky.elf.dir/home/ryan/git/lpc55-tiny/SDK_2.8.2_LPCXpresso55S16/devices/LPC55S16/utilities/fsl_assert.c.obj
 .debug_aranges
                0x0000000000000310       0x88 CMakeFiles/led_blinky.elf.dir/home/ryan/git/lpc55-tiny/SDK_2.8.2_LPCXpresso55S16/devices/LPC55S16/utilities/debug_console/fsl_debug_console.c.obj
 .debug_aranges
                0x0000000000000398       0xb0 CMakeFiles/led_blinky.elf.dir/home/ryan/git/lpc55-tiny/SDK_2.8.2_LPCXpresso55S16/devices/LPC55S16/utilities/str/fsl_str.c.obj
 .debug_aranges
                0x0000000000000448       0x50 CMakeFiles/led_blinky.elf.dir/home/ryan/git/lpc55-tiny/SDK_2.8.2_LPCXpresso55S16/components/uart/usart_adapter.c.obj
 .debug_aranges
                0x0000000000000498       0x98 CMakeFiles/led_blinky.elf.dir/home/ryan/git/lpc55-tiny/SDK_2.8.2_LPCXpresso55S16/components/serial_manager/serial_manager.c.obj
 .debug_aranges
                0x0000000000000530       0x48 CMakeFiles/led_blinky.elf.dir/home/ryan/git/lpc55-tiny/SDK_2.8.2_LPCXpresso55S16/components/serial_manager/serial_port_uart.c.obj
 .debug_aranges
                0x0000000000000578       0x20 CMakeFiles/led_blinky.elf.dir/home/ryan/git/lpc55-tiny/SDK_2.8.2_LPCXpresso55S16/devices/LPC55S16/utilities/fsl_sbrk.c.obj
 .debug_aranges
                0x0000000000000598       0x20 /usr/lib/gcc/arm-none-eabi/9.2.1/../../../arm-none-eabi/lib/thumb/v8-m.main+fp/hard/libc_nano.a(lib_a-atexit.o)
 .debug_aranges
                0x00000000000005b8       0x20 /usr/lib/gcc/arm-none-eabi/9.2.1/../../../arm-none-eabi/lib/thumb/v8-m.main+fp/hard/libc_nano.a(lib_a-errno.o)
 .debug_aranges
                0x00000000000005d8       0x20 /usr/lib/gcc/arm-none-eabi/9.2.1/../../../arm-none-eabi/lib/thumb/v8-m.main+fp/hard/libc_nano.a(lib_a-exit.o)
 .debug_aranges
                0x00000000000005f8       0x20 /usr/lib/gcc/arm-none-eabi/9.2.1/../../../arm-none-eabi/lib/thumb/v8-m.main+fp/hard/libc_nano.a(lib_a-fini.o)
 .debug_aranges
                0x0000000000000618       0x18 /usr/lib/gcc/arm-none-eabi/9.2.1/../../../arm-none-eabi/lib/thumb/v8-m.main+fp/hard/libc_nano.a(lib_a-impure.o)
 .debug_aranges
                0x0000000000000630       0x20 /usr/lib/gcc/arm-none-eabi/9.2.1/../../../arm-none-eabi/lib/thumb/v8-m.main+fp/hard/libc_nano.a(lib_a-init.o)
 .debug_aranges
                0x0000000000000650       0x20 /usr/lib/gcc/arm-none-eabi/9.2.1/../../../arm-none-eabi/lib/thumb/v8-m.main+fp/hard/libc_nano.a(lib_a-malloc.o)
 .debug_aranges
                0x0000000000000670       0x20 /usr/lib/gcc/arm-none-eabi/9.2.1/../../../arm-none-eabi/lib/thumb/v8-m.main+fp/hard/libc_nano.a(lib_a-memset.o)
 .debug_aranges
                0x0000000000000690       0x20 /usr/lib/gcc/arm-none-eabi/9.2.1/../../../arm-none-eabi/lib/thumb/v8-m.main+fp/hard/libc_nano.a(lib_a-nano-freer.o)
 .debug_aranges
                0x00000000000006b0       0x20 /usr/lib/gcc/arm-none-eabi/9.2.1/../../../arm-none-eabi/lib/thumb/v8-m.main+fp/hard/libc_nano.a(lib_a-nano-mallocr.o)
 .debug_aranges
                0x00000000000006d0       0x20 /usr/lib/gcc/arm-none-eabi/9.2.1/../../../arm-none-eabi/lib/thumb/v8-m.main+fp/hard/libc_nano.a(lib_a-sbrkr.o)
 .debug_aranges
                0x00000000000006f0       0x20 /usr/lib/gcc/arm-none-eabi/9.2.1/../../../arm-none-eabi/lib/thumb/v8-m.main+fp/hard/libc_nano.a(lib_a-strlen-stub.o)
 .debug_aranges
                0x0000000000000710       0x20 /usr/lib/gcc/arm-none-eabi/9.2.1/../../../arm-none-eabi/lib/thumb/v8-m.main+fp/hard/libc_nano.a(lib_a-__atexit.o)
 .debug_aranges
                0x0000000000000730       0x20 /usr/lib/gcc/arm-none-eabi/9.2.1/../../../arm-none-eabi/lib/thumb/v8-m.main+fp/hard/libc_nano.a(lib_a-__call_atexit.o)
 .debug_aranges
                0x0000000000000750       0x20 /usr/lib/gcc/arm-none-eabi/9.2.1/../../../arm-none-eabi/lib/thumb/v8-m.main+fp/hard/libc_nano.a(lib_a-mlock.o)
 .debug_aranges
                0x0000000000000770       0x20 /usr/lib/gcc/arm-none-eabi/9.2.1/../../../arm-none-eabi/lib/thumb/v8-m.main+fp/hard/libc_nano.a(lib_a-reent.o)
 .debug_aranges
                0x0000000000000790       0x20 /usr/lib/gcc/arm-none-eabi/9.2.1/thumb/v8-m.main+fp/hard/libgcc.a(_aeabi_uldivmod.o)
 .debug_aranges
                0x00000000000007b0       0x20 /usr/lib/gcc/arm-none-eabi/9.2.1/thumb/v8-m.main+fp/hard/libgcc.a(_fixunssfdi.o)
 .debug_aranges
                0x00000000000007d0       0x20 /usr/lib/gcc/arm-none-eabi/9.2.1/thumb/v8-m.main+fp/hard/libgcc.a(_udivmoddi4.o)
 .debug_aranges
                0x00000000000007f0       0x20 /usr/lib/gcc/arm-none-eabi/9.2.1/thumb/v8-m.main+fp/hard/libgcc.a(_arm_muldf3.o)
 .debug_aranges
                0x0000000000000810       0x20 /usr/lib/gcc/arm-none-eabi/9.2.1/thumb/v8-m.main+fp/hard/libgcc.a(_dvmd_tls.o)
 .debug_aranges
                0x0000000000000830       0x20 /usr/lib/gcc/arm-none-eabi/9.2.1/thumb/v8-m.main+fp/hard/libgcc.a(_arm_addsubdf3.o)
 .debug_aranges
                0x0000000000000850       0x20 /usr/lib/gcc/arm-none-eabi/9.2.1/thumb/v8-m.main+fp/hard/libgcc.a(_arm_fixunsdfsi.o)
 .debug_aranges
                0x0000000000000870       0x20 /usr/lib/gcc/arm-none-eabi/9.2.1/../../../arm-none-eabi/lib/thumb/v8-m.main+fp/hard/libnosys.a(_exit.o)
 .debug_aranges
                0x0000000000000890       0xa0 ../../../../../devices/LPC55S16/gcc/libpower_hardabi.a(fsl_power_lib.o)

.debug_str      0x0000000000000000     0x95d8
 .debug_str     0x0000000000000000       0x9c /usr/lib/gcc/arm-none-eabi/9.2.1/../../../arm-none-eabi/lib/thumb/v8-m.main+fp/hard/crt0.o
 .debug_str     0x000000000000009c     0x18ae CMakeFiles/led_blinky.elf.dir/home/ryan/git/lpc55-tiny/SDK_2.8.2_LPCXpresso55S16/boards/lpcxpresso55s16/demo_apps/led_blinky/led_blinky.c.obj
                                       0x1989 (size before relaxing)
 .debug_str     0x000000000000194a      0xe6b CMakeFiles/led_blinky.elf.dir/home/ryan/git/lpc55-tiny/SDK_2.8.2_LPCXpresso55S16/boards/lpcxpresso55s16/demo_apps/led_blinky/pin_mux.c.obj
                                       0x159e (size before relaxing)
 .debug_str     0x00000000000027b5      0x600 CMakeFiles/led_blinky.elf.dir/home/ryan/git/lpc55-tiny/SDK_2.8.2_LPCXpresso55S16/devices/LPC55S16/drivers/fsl_gpio.c.obj
                                       0x2384 (size before relaxing)
 .debug_str     0x0000000000002db5       0x5c CMakeFiles/led_blinky.elf.dir/home/ryan/git/lpc55-tiny/SDK_2.8.2_LPCXpresso55S16/devices/LPC55S16/gcc/startup_LPC55S16.S.obj
                                         0xcf (size before relaxing)
 .debug_str     0x0000000000002e11      0x2d6 CMakeFiles/led_blinky.elf.dir/home/ryan/git/lpc55-tiny/SDK_2.8.2_LPCXpresso55S16/devices/LPC55S16/system_LPC55S16.c.obj
                                        0xee5 (size before relaxing)
 .debug_str     0x00000000000030e7      0xcd5 CMakeFiles/led_blinky.elf.dir/home/ryan/git/lpc55-tiny/SDK_2.8.2_LPCXpresso55S16/devices/LPC55S16/drivers/fsl_usart.c.obj
                                       0x2190 (size before relaxing)
 .debug_str     0x0000000000003dbc      0x26e CMakeFiles/led_blinky.elf.dir/home/ryan/git/lpc55-tiny/SDK_2.8.2_LPCXpresso55S16/devices/LPC55S16/drivers/fsl_flexcomm.c.obj
                                       0x2a0c (size before relaxing)
 .debug_str     0x000000000000402a       0x99 CMakeFiles/led_blinky.elf.dir/home/ryan/git/lpc55-tiny/SDK_2.8.2_LPCXpresso55S16/devices/LPC55S16/utilities/fsl_assert.c.obj
                                        0x719 (size before relaxing)
 .debug_str     0x00000000000040c3      0x649 CMakeFiles/led_blinky.elf.dir/home/ryan/git/lpc55-tiny/SDK_2.8.2_LPCXpresso55S16/devices/LPC55S16/utilities/debug_console/fsl_debug_console.c.obj
                                       0x1699 (size before relaxing)
 .debug_str     0x000000000000470c      0x380 CMakeFiles/led_blinky.elf.dir/home/ryan/git/lpc55-tiny/SDK_2.8.2_LPCXpresso55S16/devices/LPC55S16/utilities/str/fsl_str.c.obj
                                        0xa61 (size before relaxing)
 .debug_str     0x0000000000004a8c      0x30f CMakeFiles/led_blinky.elf.dir/home/ryan/git/lpc55-tiny/SDK_2.8.2_LPCXpresso55S16/components/uart/usart_adapter.c.obj
                                       0x1c05 (size before relaxing)
 .debug_str     0x0000000000004d9b      0x2f7 CMakeFiles/led_blinky.elf.dir/home/ryan/git/lpc55-tiny/SDK_2.8.2_LPCXpresso55S16/components/serial_manager/serial_manager.c.obj
                                        0xc32 (size before relaxing)
 .debug_str     0x0000000000005092      0x11f CMakeFiles/led_blinky.elf.dir/home/ryan/git/lpc55-tiny/SDK_2.8.2_LPCXpresso55S16/components/serial_manager/serial_port_uart.c.obj
                                        0xca4 (size before relaxing)
 .debug_str     0x00000000000051b1       0xa9 CMakeFiles/led_blinky.elf.dir/home/ryan/git/lpc55-tiny/SDK_2.8.2_LPCXpresso55S16/devices/LPC55S16/utilities/fsl_sbrk.c.obj
                                        0x6ea (size before relaxing)
 .debug_str     0x000000000000525a      0x1f8 /usr/lib/gcc/arm-none-eabi/9.2.1/../../../arm-none-eabi/lib/thumb/v8-m.main+fp/hard/libc_nano.a(lib_a-atexit.o)
                                        0x635 (size before relaxing)
 .debug_str     0x0000000000005452       0x9f /usr/lib/gcc/arm-none-eabi/9.2.1/../../../arm-none-eabi/lib/thumb/v8-m.main+fp/hard/libc_nano.a(lib_a-errno.o)
                                        0x5fc (size before relaxing)
 .debug_str     0x00000000000054f1       0x6f /usr/lib/gcc/arm-none-eabi/9.2.1/../../../arm-none-eabi/lib/thumb/v8-m.main+fp/hard/libc_nano.a(lib_a-exit.o)
                                        0x636 (size before relaxing)
 .debug_str     0x0000000000005560       0xd0 /usr/lib/gcc/arm-none-eabi/9.2.1/../../../arm-none-eabi/lib/thumb/v8-m.main+fp/hard/libc_nano.a(lib_a-fini.o)
                                        0x207 (size before relaxing)
 .debug_str     0x0000000000005630       0xa4 /usr/lib/gcc/arm-none-eabi/9.2.1/../../../arm-none-eabi/lib/thumb/v8-m.main+fp/hard/libc_nano.a(lib_a-impure.o)
                                        0x5ea (size before relaxing)
 .debug_str     0x00000000000056d4       0x96 /usr/lib/gcc/arm-none-eabi/9.2.1/../../../arm-none-eabi/lib/thumb/v8-m.main+fp/hard/libc_nano.a(lib_a-init.o)
                                        0x231 (size before relaxing)
 .debug_str     0x000000000000576a       0x52 /usr/lib/gcc/arm-none-eabi/9.2.1/../../../arm-none-eabi/lib/thumb/v8-m.main+fp/hard/libc_nano.a(lib_a-malloc.o)
                                        0x61b (size before relaxing)
 .debug_str     0x00000000000057bc      0x319 /usr/lib/gcc/arm-none-eabi/9.2.1/../../../arm-none-eabi/lib/thumb/v8-m.main+fp/hard/libc_nano.a(lib_a-memset.o)
                                        0x917 (size before relaxing)
 .debug_str     0x0000000000005ad5      0x120 /usr/lib/gcc/arm-none-eabi/9.2.1/../../../arm-none-eabi/lib/thumb/v8-m.main+fp/hard/libc_nano.a(lib_a-nano-freer.o)
                                        0x71a (size before relaxing)
 .debug_str     0x0000000000005bf5       0x32 /usr/lib/gcc/arm-none-eabi/9.2.1/../../../arm-none-eabi/lib/thumb/v8-m.main+fp/hard/libc_nano.a(lib_a-nano-mallocr.o)
                                        0x731 (size before relaxing)
 .debug_str     0x0000000000005c27       0x3c /usr/lib/gcc/arm-none-eabi/9.2.1/../../../arm-none-eabi/lib/thumb/v8-m.main+fp/hard/libc_nano.a(lib_a-sbrkr.o)
                                        0x62d (size before relaxing)